Component: ARM Compiler 5.06 update 6 (build 750) Tool: armlink [4d35ed]

==============================================================================

Section Cross References

    startup_stm32f103xb.o(RESET) refers to startup_stm32f103xb.o(STACK) for __initial_sp
    startup_stm32f103xb.o(RESET) refers to startup_stm32f103xb.o(.text) for Reset_Handler
    startup_stm32f103xb.o(RESET) refers to stm32f1xx_it.o(i.NMI_Handler) for NMI_Handler
    startup_stm32f103xb.o(RESET) refers to stm32f1xx_it.o(i.HardFault_Handler) for HardFault_Handler
    startup_stm32f103xb.o(RESET) refers to stm32f1xx_it.o(i.MemManage_Handler) for MemManage_Handler
    startup_stm32f103xb.o(RESET) refers to stm32f1xx_it.o(i.BusFault_Handler) for BusFault_Handler
    startup_stm32f103xb.o(RESET) refers to stm32f1xx_it.o(i.UsageFault_Handler) for UsageFault_Handler
    startup_stm32f103xb.o(RESET) refers to stm32f1xx_it.o(i.SVC_Handler) for SVC_Handler
    startup_stm32f103xb.o(RESET) refers to stm32f1xx_it.o(i.DebugMon_Handler) for DebugMon_Handler
    startup_stm32f103xb.o(RESET) refers to stm32f1xx_it.o(i.PendSV_Handler) for PendSV_Handler
    startup_stm32f103xb.o(RESET) refers to stm32f1xx_it.o(i.SysTick_Handler) for SysTick_Handler
    startup_stm32f103xb.o(RESET) refers to stm32f1xx_it.o(i.DMA1_Channel1_IRQHandler) for DMA1_Channel1_IRQHandler
    startup_stm32f103xb.o(RESET) refers to stm32f1xx_it.o(i.DMA1_Channel5_IRQHandler) for DMA1_Channel5_IRQHandler
    startup_stm32f103xb.o(RESET) refers to stm32f1xx_it.o(i.USB_LP_CAN1_RX0_IRQHandler) for USB_LP_CAN1_RX0_IRQHandler
    startup_stm32f103xb.o(RESET) refers to stm32f1xx_it.o(i.USART1_IRQHandler) for USART1_IRQHandler
    startup_stm32f103xb.o(.text) refers to system_stm32f1xx.o(i.SystemInit) for SystemInit
    startup_stm32f103xb.o(.text) refers to entry.o(.ARM.Collect$$$$00000000) for __main
    lcd16x2.o(i.LCD_Clear) refers to lcd16x2.o(i.LCD_SendCommand) for LCD_SendCommand
    lcd16x2.o(i.LCD_Clear) refers to stm32f1xx_hal.o(i.HAL_Delay) for HAL_Delay
    lcd16x2.o(i.LCD_Enable) refers to stm32f1xx_hal_gpio.o(i.HAL_GPIO_WritePin) for HAL_GPIO_WritePin
    lcd16x2.o(i.LCD_Enable) refers to stm32f1xx_hal.o(i.HAL_Delay) for HAL_Delay
    lcd16x2.o(i.LCD_Gotoxy) refers to lcd16x2.o(i.LCD_SendCommand) for LCD_SendCommand
    lcd16x2.o(i.LCD_Init) refers to lcd16x2.o(i.LCD_Send4Bit) for LCD_Send4Bit
    lcd16x2.o(i.LCD_Init) refers to stm32f1xx_hal_gpio.o(i.HAL_GPIO_WritePin) for HAL_GPIO_WritePin
    lcd16x2.o(i.LCD_Init) refers to lcd16x2.o(i.LCD_Enable) for LCD_Enable
    lcd16x2.o(i.LCD_Init) refers to lcd16x2.o(i.LCD_SendCommand) for LCD_SendCommand
    lcd16x2.o(i.LCD_PutChar) refers to stm32f1xx_hal_gpio.o(i.HAL_GPIO_WritePin) for HAL_GPIO_WritePin
    lcd16x2.o(i.LCD_PutChar) refers to lcd16x2.o(i.LCD_SendCommand) for LCD_SendCommand
    lcd16x2.o(i.LCD_Puts) refers to lcd16x2.o(i.LCD_PutChar) for LCD_PutChar
    lcd16x2.o(i.LCD_Send4Bit) refers to stm32f1xx_hal_gpio.o(i.HAL_GPIO_WritePin) for HAL_GPIO_WritePin
    lcd16x2.o(i.LCD_SendCommand) refers to lcd16x2.o(i.LCD_Send4Bit) for LCD_Send4Bit
    lcd16x2.o(i.LCD_SendCommand) refers to lcd16x2.o(i.LCD_Enable) for LCD_Enable
    goc_pin.o(i.get_PA) refers to goc_pin.o(.data) for .data
    goc_pin.o(i.get_TA) refers to goc_pin.o(.data) for .data
    goc_pin.o(i.get_n) refers to goc_pin.o(.data) for .data
    goc_pin.o(i.goc_pin) refers to goc_pin.o(i.so_ngay) for so_ngay
    goc_pin.o(i.goc_pin) refers to dflti.o(.text) for __aeabi_i2d
    goc_pin.o(i.goc_pin) refers to dmul.o(.text) for __aeabi_dmul
    goc_pin.o(i.goc_pin) refers to ddiv.o(.text) for __aeabi_ddiv
    goc_pin.o(i.goc_pin) refers to d2f.o(.text) for __aeabi_d2f
    goc_pin.o(i.goc_pin) refers to fmul.o(.text) for __aeabi_fmul
    goc_pin.o(i.goc_pin) refers to f2d.o(.text) for __aeabi_f2d
    goc_pin.o(i.goc_pin) refers to sin.o(i.sin) for sin
    goc_pin.o(i.goc_pin) refers to cos.o(i.cos) for cos
    goc_pin.o(i.goc_pin) refers to fscalb.o(.text) for __ARM_scalbnf
    goc_pin.o(i.goc_pin) refers to dadd.o(.text) for __aeabi_drsub
    goc_pin.o(i.goc_pin) refers to fadd.o(.text) for __aeabi_fsub
    goc_pin.o(i.goc_pin) refers to dfixi.o(.text) for __aeabi_d2iz
    goc_pin.o(i.goc_pin) refers to ffixi.o(.text) for __aeabi_f2iz
    goc_pin.o(i.goc_pin) refers to tan.o(i.tan) for tan
    goc_pin.o(i.goc_pin) refers to acos.o(i.acos) for acos
    goc_pin.o(i.goc_pin) refers to goc_pin.o(.data) for .data
    kalman.o(i.getAngle) refers to fadd.o(.text) for __aeabi_fsub
    kalman.o(i.getAngle) refers to fmul.o(.text) for __aeabi_fmul
    kalman.o(i.getAngle) refers to fdiv.o(.text) for __aeabi_fdiv
    mpu6050_kalman.o(i.MPU6050_Init) refers to stm32f1xx_hal_i2c.o(i.HAL_I2C_Mem_Read) for HAL_I2C_Mem_Read
    mpu6050_kalman.o(i.MPU6050_Init) refers to stm32f1xx_hal_i2c.o(i.HAL_I2C_Mem_Write) for HAL_I2C_Mem_Write
    mpu6050_kalman.o(i.MPU6050_Init) refers to mpu6050_kalman.o(.bss) for .bss
[...]
    __ARM_scalbn                             0x08000ba9   Thumb Code    46  dscalb.o(.text)
    scalbn                                   0x08000ba9   Thumb Code     0  dscalb.o(.text)
    _dsqrt                                   0x08000bd7   Thumb Code   162  dsqrt.o(.text)
    __aeabi_d2ulz                            0x08000c79   Thumb Code    48  dfixul.o(.text)
    __scatterload                            0x08000ca9   Thumb Code    28  init.o(.text)
    __scatterload_rt2                        0x08000ca9   Thumb Code     0  init.o(.text)
    __rt_ctype_table                         0x08000ccd   Thumb Code     4  ctype_o.o(.text)
    isspace                                  0x08000cd5   Thumb Code    18  isspace_o.o(.text)
    _scanf_real                              0x08000e11   Thumb Code     0  scanf_fp.o(.text)
    _scanf_really_real                       0x08000e11   Thumb Code   556  scanf_fp.o(.text)
    _sgetc                                   0x08001049   Thumb Code    30  _sgetc.o(.text)
    _sbackspace                              0x08001067   Thumb Code    34  _sgetc.o(.text)
    _strtoul                                 0x08001089   Thumb Code   158  _strtoul.o(.text)
    _chval                                   0x08001127   Thumb Code    28  _chval.o(.text)
    __aeabi_ul2d                             0x08001143   Thumb Code    24  dfltul.o(.text)
    __decompress                             0x0800115b   Thumb Code     0  __dczerorl2.o(.text)
    __decompress1                            0x0800115b   Thumb Code    86  __dczerorl2.o(.text)
    ADC_ConversionStop_Disable               0x080011b1   Thumb Code    76  stm32f1xx_hal_adc.o(i.ADC_ConversionStop_Disable)
    ADC_DMAConvCplt                          0x080011fd   Thumb Code    78  stm32f1xx_hal_adc.o(i.ADC_DMAConvCplt)
    ADC_DMAError                             0x0800124b   Thumb Code    26  stm32f1xx_hal_adc.o(i.ADC_DMAError)
    ADC_DMAHalfConvCplt                      0x08001265   Thumb Code    10  stm32f1xx_hal_adc.o(i.ADC_DMAHalfConvCplt)
    ADC_Enable                               0x08001271   Thumb Code   104  stm32f1xx_hal_adc.o(i.ADC_Enable)
    BusFault_Handler                         0x080012e1   Thumb Code     2  stm32f1xx_it.o(i.BusFault_Handler)
    CDC_Transmit_FS                          0x08001365   Thumb Code    52  usbd_cdc_if.o(i.CDC_Transmit_FS)
    DMA1_Channel1_IRQHandler                 0x080013a1   Thumb Code     6  stm32f1xx_it.o(i.DMA1_Channel1_IRQHandler)
    DMA1_Channel5_IRQHandler                 0x080013ad   Thumb Code     6  stm32f1xx_it.o(i.DMA1_Channel5_IRQHandler)
    DebugMon_Handler                         0x080013e3   Thumb Code     2  stm32f1xx_it.o(i.DebugMon_Handler)
    Error_Handler                            0x080013e5   Thumb Code     2  main.o(i.Error_Handler)
    HAL_ADC_ConfigChannel                    0x080013e9   Thumb Code   240  stm32f1xx_hal_adc.o(i.HAL_ADC_ConfigChannel)
    HAL_ADC_ConvCpltCallback                 0x080014e5   Thumb Code     2  stm32f1xx_hal_adc.o(i.HAL_ADC_ConvCpltCallback)
    HAL_ADC_ConvHalfCpltCallback             0x080014e7   Thumb Code     2  stm32f1xx_hal_adc.o(i.HAL_ADC_ConvHalfCpltCallback)
    HAL_ADC_ErrorCallback                    0x080014e9   Thumb Code     2  stm32f1xx_hal_adc.o(i.HAL_ADC_ErrorCallback)
    HAL_ADC_Init                             0x080014ed   Thumb Code   272  stm32f1xx_hal_adc.o(i.HAL_ADC_Init)
    HAL_ADC_MspInit                          0x08001609   Thumb Code   124  stm32f1xx_hal_msp.o(i.HAL_ADC_MspInit)
    HAL_ADC_Start_DMA                        0x08001699   Thumb Code   246  stm32f1xx_hal_adc.o(i.HAL_ADC_Start_DMA)
    HAL_DMA_Abort_IT                         0x080017a5   Thumb Code   148  stm32f1xx_hal_dma.o(i.HAL_DMA_Abort_IT)
    HAL_DMA_IRQHandler                       0x0800183d   Thumb Code   316  stm32f1xx_hal_dma.o(i.HAL_DMA_IRQHandler)
    HAL_DMA_Init                             0x08001991   Thumb Code    84  stm32f1xx_hal_dma.o(i.HAL_DMA_Init)
    HAL_DMA_Start_IT                         0x080019ed   Thumb Code   112  stm32f1xx_hal_dma.o(i.HAL_DMA_Start_IT)
    HAL_Delay                                0x08001a5d   Thumb Code    32  stm32f1xx_hal.o(i.HAL_Delay)
    HAL_GPIO_Init                            0x08001a81   Thumb Code   446  stm32f1xx_hal_gpio.o(i.HAL_GPIO_Init)
    HAL_GPIO_WritePin                        0x08001c61   Thumb Code    10  stm32f1xx_hal_gpio.o(i.HAL_GPIO_WritePin)
    HAL_GetTick                              0x08001c6d   Thumb Code     6  stm32f1xx_hal.o(i.HAL_GetTick)
    HAL_I2C_Init                             0x08001c79   Thumb Code   376  stm32f1xx_hal_i2c.o(i.HAL_I2C_Init)
    HAL_I2C_Mem_Read                         0x08001e01   Thumb Code   574  stm32f1xx_hal_i2c.o(i.HAL_I2C_Mem_Read)
    HAL_I2C_Mem_Write                        0x08002051   Thumb Code   294  stm32f1xx_hal_i2c.o(i.HAL_I2C_Mem_Write)
    HAL_I2C_MspInit                          0x08002181   Thumb Code    82  stm32f1xx_hal_msp.o(i.HAL_I2C_MspInit)
    HAL_IncTick                              0x080021e1   Thumb Code    12  stm32f1xx_hal.o(i.HAL_IncTick)
    HAL_Init                                 0x080021f1   Thumb Code    32  stm32f1xx_hal.o(i.HAL_Init)
    HAL_InitTick                             0x08002215   Thumb Code    54  stm32f1xx_hal.o(i.HAL_InitTick)
    HAL_MspInit                              0x08002255   Thumb Code    52  stm32f1xx_hal_msp.o(i.HAL_MspInit)
    HAL_NVIC_EnableIRQ                       0x08002291   Thumb Code    26  stm32f1xx_hal_cortex.o(i.HAL_NVIC_EnableIRQ)
    HAL_NVIC_SetPriority                     0x080022ad   Thumb Code    60  stm32f1xx_hal_cortex.o(i.HAL_NVIC_SetPriority)
    HAL_NVIC_SetPriorityGrouping             0x080022ed   Thumb Code    26  stm32f1xx_hal_cortex.o(i.HAL_NVIC_SetPriorityGrouping)
    HAL_PCDEx_PMAConfig                      0x08002311   Thumb Code    60  stm32f1xx_hal_pcd_ex.o(i.HAL_PCDEx_PMAConfig)
    HAL_PCDEx_SetConnectionState             0x0800234d   Thumb Code     2  usbd_conf.o(i.HAL_PCDEx_SetConnectionState)
    HAL_PCD_DataInStageCallback              0x0800234f   Thumb Code    18  usbd_conf.o(i.HAL_PCD_DataInStageCallback)
    HAL_PCD_DataOutStageCallback             0x08002361   Thumb Code    20  usbd_conf.o(i.HAL_PCD_DataOutStageCallback)
    HAL_PCD_EP_Close                         0x08002375   Thumb Code    76  stm32f1xx_hal_pcd.o(i.HAL_PCD_EP_Close)
    HAL_PCD_EP_ClrStall                      0x080023c1   Thumb Code    92  stm32f1xx_hal_pcd.o(i.HAL_PCD_EP_ClrStall)
    HAL_PCD_EP_GetRxCount                    0x08002723   Thumb Code    18  stm32f1xx_hal_pcd.o(i.HAL_PCD_EP_GetRxCount)
    HAL_PCD_EP_Open                          0x08002735   Thumb Code    96  stm32f1xx_hal_pcd.o(i.HAL_PCD_EP_Open)
    HAL_PCD_EP_Receive                       0x08002795   Thumb Code    50  stm32f1xx_hal_pcd.o(i.HAL_PCD_EP_Receive)
    HAL_PCD_EP_SetStall                      0x080027c7   Thumb Code   114  stm32f1xx_hal_pcd.o(i.HAL_PCD_EP_SetStall)
    HAL_PCD_EP_Transmit                      0x08002839   Thumb Code    52  stm32f1xx_hal_pcd.o(i.HAL_PCD_EP_Transmit)
    HAL_PCD_IRQHandler                       0x0800286d   Thumb Code   340  stm32f1xx_hal_pcd.o(i.HAL_PCD_IRQHandler)
    HAL_PCD_Init                             0x080029c1   Thumb Code   218  stm32f1xx_hal_pcd.o(i.HAL_PCD_Init)
    HAL_PCD_MspInit                          0x08002a9d   Thumb Code    50  usbd_conf.o(i.HAL_PCD_MspInit)
    HAL_PCD_ResetCallback                    0x08002ad9   Thumb Code    38  usbd_conf.o(i.HAL_PCD_ResetCallback)
    HAL_PCD_ResumeCallback                   0x08002aff   Thumb Code     8  usbd_conf.o(i.HAL_PCD_ResumeCallback)
    HAL_PCD_SOFCallback                      0x08002b07   Thumb Code     8  usbd_conf.o(i.HAL_PCD_SOFCallback)
    HAL_PCD_SetAddress                       0x08002b0f   Thumb Code    40  stm32f1xx_hal_pcd.o(i.HAL_PCD_SetAddress)
    HAL_PCD_SetupStageCallback               0x08002b37   Thumb Code    14  usbd_conf.o(i.HAL_PCD_SetupStageCallback)
    HAL_PCD_Start                            0x08002b45   Thumb Code    50  stm32f1xx_hal_pcd.o(i.HAL_PCD_Start)
    HAL_PCD_SuspendCallback                  0x08002b79   Thumb Code    30  usbd_conf.o(i.HAL_PCD_SuspendCallback)
    HAL_PWR_EnableBkUpAccess                 0x08002b9d   Thumb Code     8  stm32f1xx_hal_pwr.o(i.HAL_PWR_EnableBkUpAccess)
    HAL_RCCEx_GetPeriphCLKFreq               0x08002ba9   Thumb Code   166  stm32f1xx_hal_rcc_ex.o(i.HAL_RCCEx_GetPeriphCLKFreq)
    HAL_RCCEx_PeriphCLKConfig                0x08002c71   Thumb Code   224  stm32f1xx_hal_rcc_ex.o(i.HAL_RCCEx_PeriphCLKConfig)
    HAL_RCC_ClockConfig                      0x08002d5d   Thumb Code   280  stm32f1xx_hal_rcc.o(i.HAL_RCC_ClockConfig)
    HAL_RCC_GetPCLK1Freq                     0x08002e89   Thumb Code    20  stm32f1xx_hal_rcc.o(i.HAL_RCC_GetPCLK1Freq)
    HAL_RCC_GetPCLK2Freq                     0x08002ea9   Thumb Code    20  stm32f1xx_hal_rcc.o(i.HAL_RCC_GetPCLK2Freq)
    HAL_RCC_GetSysClockFreq                  0x08002ec9   Thumb Code    74  stm32f1xx_hal_rcc.o(i.HAL_RCC_GetSysClockFreq)
    HAL_RCC_OscConfig                        0x08002f35   Thumb Code   778  stm32f1xx_hal_rcc.o(i.HAL_RCC_OscConfig)
    HAL_RTCEx_BKUPRead                       0x08003255   Thumb Code    10  stm32f1xx_hal_rtc_ex.o(i.HAL_RTCEx_BKUPRead)
    HAL_RTCEx_BKUPWrite                      0x08003265   Thumb Code    12  stm32f1xx_hal_rtc_ex.o(i.HAL_RTCEx_BKUPWrite)
    HAL_RTC_GetDate                          0x08003275   Thumb Code    78  stm32f1xx_hal_rtc.o(i.HAL_RTC_GetDate)
    HAL_RTC_GetTime                          0x080032c3   Thumb Code   216  stm32f1xx_hal_rtc.o(i.HAL_RTC_GetTime)
    HAL_RTC_Init                             0x0800339d   Thumb Code   154  stm32f1xx_hal_rtc.o(i.HAL_RTC_Init)
    HAL_RTC_MspInit                          0x0800343d   Thumb Code    40  stm32f1xx_hal_msp.o(i.HAL_RTC_MspInit)
    HAL_RTC_SetDate                          0x08003471   Thumb Code   192  stm32f1xx_hal_rtc.o(i.HAL_RTC_SetDate)
    HAL_RTC_SetTime                          0x08003535   Thumb Code   168  stm32f1xx_hal_rtc.o(i.HAL_RTC_SetTime)
    HAL_RTC_WaitForSynchro                   0x080035e1   Thumb Code    58  stm32f1xx_hal_rtc.o(i.HAL_RTC_WaitForSynchro)
    HAL_SYSTICK_Config                       0x0800361b   Thumb Code    40  stm32f1xx_hal_cortex.o(i.HAL_SYSTICK_Config)
    HAL_TIMEx_ConfigBreakDeadTime            0x08003643   Thumb Code    84  stm32f1xx_hal_tim_ex.o(i.HAL_TIMEx_ConfigBreakDeadTime)
    HAL_TIMEx_MasterConfigSynchronization    0x08003699   Thumb Code    92  stm32f1xx_hal_tim_ex.o(i.HAL_TIMEx_MasterConfigSynchronization)
    HAL_TIM_Base_Init                        0x08003701   Thumb Code    90  stm32f1xx_hal_tim.o(i.HAL_TIM_Base_Init)
    HAL_TIM_Base_MspInit                     0x0800375d   Thumb Code    30  stm32f1xx_hal_msp.o(i.HAL_TIM_Base_MspInit)
    HAL_TIM_ConfigClockSource                0x08003785   Thumb Code   214  stm32f1xx_hal_tim.o(i.HAL_TIM_ConfigClockSource)
    HAL_TIM_MspPostInit                      0x0800385d   Thumb Code    64  stm32f1xx_hal_msp.o(i.HAL_TIM_MspPostInit)
    HAL_TIM_PWM_ConfigChannel                0x080038a9   Thumb Code   198  stm32f1xx_hal_tim.o(i.HAL_TIM_PWM_ConfigChannel)
    HAL_TIM_PWM_Init                         0x0800396f   Thumb Code    90  stm32f1xx_hal_tim.o(i.HAL_TIM_PWM_Init)
    HAL_TIM_PWM_MspInit                      0x080039c9   Thumb Code     2  stm32f1xx_hal_tim.o(i.HAL_TIM_PWM_MspInit)
    HAL_TIM_PWM_Start                        0x080039cd   Thumb Code   144  stm32f1xx_hal_tim.o(i.HAL_TIM_PWM_Start)
    HAL_UART_ErrorCallback                   0x08003a69   Thumb Code     2  stm32f1xx_hal_uart.o(i.HAL_UART_ErrorCallback)
    HAL_UART_IRQHandler                      0x08003a6d   Thumb Code   344  stm32f1xx_hal_uart.o(i.HAL_UART_IRQHandler)
    HAL_UART_Init                            0x08003bc9   Thumb Code    98  stm32f1xx_hal_uart.o(i.HAL_UART_Init)
    HAL_UART_MspInit                         0x08003c2d   Thumb Code   158  stm32f1xx_hal_msp.o(i.HAL_UART_MspInit)
    HAL_UART_Receive_IT                      0x08003ce1   Thumb Code    82  stm32f1xx_hal_uart.o(i.HAL_UART_Receive_IT)
    HAL_UART_RxCpltCallback                  0x08003d35   Thumb Code    76  main.o(i.HAL_UART_RxCpltCallback)
    HAL_UART_Transmit_IT                     0x08003d91   Thumb Code    62  stm32f1xx_hal_uart.o(i.HAL_UART_Transmit_IT)
    HAL_UART_TxCpltCallback                  0x08003dd1   Thumb Code     8  main.o(i.HAL_UART_TxCpltCallback)
    HardFault_Handler                        0x08003ddd   Thumb Code     2  stm32f1xx_it.o(i.HardFault_Handler)
    LCD_Clear                                0x080041e5   Thumb Code    18  lcd16x2.o(i.LCD_Clear)
    LCD_Enable                               0x080041f9   Thumb Code    42  lcd16x2.o(i.LCD_Enable)
    LCD_Gotoxy                               0x08004229   Thumb Code    32  lcd16x2.o(i.LCD_Gotoxy)
    LCD_Init                                 0x08004249   Thumb Code    76  lcd16x2.o(i.LCD_Init)
    LCD_PutChar                              0x08004299   Thumb Code    38  lcd16x2.o(i.LCD_PutChar)
    LCD_Puts                                 0x080042c5   Thumb Code    22  lcd16x2.o(i.LCD_Puts)
    LCD_Send4Bit                             0x080042dd   Thumb Code    58  lcd16x2.o(i.LCD_Send4Bit)
    LCD_SendCommand                          0x0800431d   Thumb Code    28  lcd16x2.o(i.LCD_SendCommand)
    MPPT_INC                                 0x08004339   Thumb Code   192  mppt.o(i.MPPT_INC)
    MPPT_INIT                                0x080043fd   Thumb Code    72  mppt.o(i.MPPT_INIT)
    MPU6050_Init                             0x08004449   Thumb Code   134  mpu6050_kalman.o(i.MPU6050_Init)
    MPU6050_Read_Accel                       0x080044d5   Thumb Code    80  mpu6050_kalman.o(i.MPU6050_Read_Accel)
    MPU6050_Read_Gyro                        0x0800452d   Thumb Code    80  mpu6050_kalman.o(i.MPU6050_Read_Gyro)
    MX_USB_DEVICE_Init                       0x08004865   Thumb Code    66  usb_device.o(i.MX_USB_DEVICE_Init)
    MemManage_Handler                        0x080048b9   Thumb Code     2  stm32f1xx_it.o(i.MemManage_Handler)
    NMI_Handler                              0x080048bb   Thumb Code     2  stm32f1xx_it.o(i.NMI_Handler)
    PendSV_Handler                           0x08004bb9   Thumb Code     2  stm32f1xx_it.o(i.PendSV_Handler)
    SCADA                                    0x08004dd1   Thumb Code  1170  main.o(i.SCADA)
    SVC_Handler                              0x08005263   Thumb Code     2  stm32f1xx_it.o(i.SVC_Handler)
    SysTick_Handler                          0x08005265   Thumb Code     4  stm32f1xx_it.o(i.SysTick_Handler)
    SystemClock_Config                       0x08005269   Thumb Code   112  main.o(i.SystemClock_Config)
    SystemInit                               0x080052d9   Thumb Code    56  system_stm32f1xx.o(i.SystemInit)
    TIM_Base_SetConfig                       0x08005321   Thumb Code    94  stm32f1xx_hal_tim.o(i.TIM_Base_SetConfig)
    TIM_CCxChannelCmd                        0x0800538d   Thumb Code    26  stm32f1xx_hal_tim.o(i.TIM_CCxChannelCmd)
    TIM_ETR_SetConfig                        0x080053a7   Thumb Code    20  stm32f1xx_hal_tim.o(i.TIM_ETR_SetConfig)
    TIM_OC2_SetConfig                        0x0800541d   Thumb Code    84  stm32f1xx_hal_tim.o(i.TIM_OC2_SetConfig)
    USART1_IRQHandler                        0x080056c9   Thumb Code     6  stm32f1xx_it.o(i.USART1_IRQHandler)
    USBD_CDC_GetDeviceQualifierDescriptor    0x080057b1   Thumb Code     8  usbd_cdc.o(i.USBD_CDC_GetDeviceQualifierDescriptor)
    USBD_CDC_ReceivePacket                   0x08005875   Thumb Code    40  usbd_cdc.o(i.USBD_CDC_ReceivePacket)
    USBD_CDC_RegisterInterface               0x0800589d   Thumb Code    16  usbd_cdc.o(i.USBD_CDC_RegisterInterface)
    USBD_CDC_SetRxBuffer                     0x080058ad   Thumb Code    12  usbd_cdc.o(i.USBD_CDC_SetRxBuffer)
    USBD_CDC_SetTxBuffer                     0x080058b9   Thumb Code    16  usbd_cdc.o(i.USBD_CDC_SetTxBuffer)
    USBD_CDC_TransmitPacket                  0x08005975   Thumb Code    54  usbd_cdc.o(i.USBD_CDC_TransmitPacket)
    USBD_ClrClassConfig                      0x080059ab   Thumb Code    14  usbd_core.o(i.USBD_ClrClassConfig)
    USBD_CtlContinueRx                       0x080059b9   Thumb Code    16  usbd_ioreq.o(i.USBD_CtlContinueRx)
    USBD_CtlContinueSendData                 0x080059c9   Thumb Code    16  usbd_ioreq.o(i.USBD_CtlContinueSendData)
    USBD_CtlError                            0x080059d9   Thumb Code    22  usbd_ctlreq.o(i.USBD_CtlError)
    USBD_CtlPrepareRx                        0x080059ef   Thumb Code    30  usbd_ioreq.o(i.USBD_CtlPrepareRx)
    USBD_CtlReceiveStatus                    0x08005a0d   Thumb Code    22  usbd_ioreq.o(i.USBD_CtlReceiveStatus)
    USBD_CtlSendData                         0x08005a23   Thumb Code    26  usbd_ioreq.o(i.USBD_CtlSendData)
    USBD_CtlSendStatus                       0x08005a3d   Thumb Code    22  usbd_ioreq.o(i.USBD_CtlSendStatus)
    USBD_FS_ConfigStrDescriptor              0x08005a55   Thumb Code    16  usbd_desc.o(i.USBD_FS_ConfigStrDescriptor)
    USBD_FS_DeviceDescriptor                 0x08005a75   Thumb Code     8  usbd_desc.o(i.USBD_FS_DeviceDescriptor)
    USBD_FS_InterfaceStrDescriptor           0x08005a81   Thumb Code    16  usbd_desc.o(i.USBD_FS_InterfaceStrDescriptor)
    USBD_FS_LangIDStrDescriptor              0x08005aa5   Thumb Code     8  usbd_desc.o(i.USBD_FS_LangIDStrDescriptor)
    USBD_FS_ManufacturerStrDescriptor        0x08005ab1   Thumb Code    16  usbd_desc.o(i.USBD_FS_ManufacturerStrDescriptor)
    USBD_FS_ProductStrDescriptor             0x08005ad9   Thumb Code    16  usbd_desc.o(i.USBD_FS_ProductStrDescriptor)
    USBD_FS_SerialStrDescriptor              0x08005b05   Thumb Code    48  usbd_desc.o(i.USBD_FS_SerialStrDescriptor)
    USBD_GetString                           0x08005c25   Thumb Code    72  usbd_ctlreq.o(i.USBD_GetString)
    USBD_Init                                0x08005c85   Thumb Code    42  usbd_core.o(i.USBD_Init)
    USBD_LL_ClearStallEP                     0x08005caf   Thumb Code    18  usbd_conf.o(i.USBD_LL_ClearStallEP)
    USBD_LL_CloseEP                          0x08005cc1   Thumb Code    18  usbd_conf.o(i.USBD_LL_CloseEP)
    USBD_LL_DataInStage                      0x08005cd3   Thumb Code   198  usbd_core.o(i.USBD_LL_DataInStage)
    USBD_LL_DataOutStage                     0x08005d99   Thumb Code   130  usbd_core.o(i.USBD_LL_DataOutStage)
    USBD_LL_GetRxDataSize                    0x08005e1b   Thumb Code     8  usbd_conf.o(i.USBD_LL_GetRxDataSize)
    USBD_LL_Init                             0x08005e25   Thumb Code   118  usbd_conf.o(i.USBD_LL_Init)
    USBD_LL_IsStallEP                        0x08005ea5   Thumb Code    32  usbd_conf.o(i.USBD_LL_IsStallEP)
    USBD_LL_OpenEP                           0x08005ec5   Thumb Code    24  usbd_conf.o(i.USBD_LL_OpenEP)
    USBD_LL_PrepareReceive                   0x08005edd   Thumb Code    18  usbd_conf.o(i.USBD_LL_PrepareReceive)
    USBD_LL_Reset                            0x08005eef   Thumb Code    80  usbd_core.o(i.USBD_LL_Reset)
    USBD_LL_Resume                           0x08005f3f   Thumb Code    20  usbd_core.o(i.USBD_LL_Resume)
    USBD_LL_SOF                              0x08005f53   Thumb Code    24  usbd_core.o(i.USBD_LL_SOF)
    USBD_LL_SetSpeed                         0x08005f6b   Thumb Code     6  usbd_core.o(i.USBD_LL_SetSpeed)
    USBD_LL_SetUSBAddress                    0x08005f71   Thumb Code    18  usbd_conf.o(i.USBD_LL_SetUSBAddress)
    USBD_LL_SetupStage                       0x08005f83   Thumb Code    90  usbd_core.o(i.USBD_LL_SetupStage)
    USBD_LL_StallEP                          0x08005fdd   Thumb Code    18  usbd_conf.o(i.USBD_LL_StallEP)
    USBD_LL_Start                            0x08005fef   Thumb Code    18  usbd_conf.o(i.USBD_LL_Start)
    USBD_LL_Suspend                          0x08006001   Thumb Code    18  usbd_core.o(i.USBD_LL_Suspend)
    USBD_LL_Transmit                         0x08006013   Thumb Code    18  usbd_conf.o(i.USBD_LL_Transmit)
    USBD_ParseSetupRequest                   0x08006025   Thumb Code    40  usbd_ctlreq.o(i.USBD_ParseSetupRequest)
    USBD_RegisterClass                       0x0800604d   Thumb Code    16  usbd_core.o(i.USBD_RegisterClass)
    USBD_SetClassConfig                      0x0800605d   Thumb Code    22  usbd_core.o(i.USBD_SetClassConfig)
    USBD_Start                               0x080060f9   Thumb Code    10  usbd_core.o(i.USBD_Start)
    USBD_StdDevReq                           0x08006103   Thumb Code   274  usbd_ctlreq.o(i.USBD_StdDevReq)
    USBD_StdEPReq                            0x08006215   Thumb Code   336  usbd_ctlreq.o(i.USBD_StdEPReq)
    USBD_StdItfReq                           0x08006365   Thumb Code    78  usbd_ctlreq.o(i.USBD_StdItfReq)
    USBD_static_free                         0x080063b3   Thumb Code     2  usbd_conf.o(i.USBD_static_free)
    USBD_static_malloc                       0x080063b5   Thumb Code     4  usbd_conf.o(i.USBD_static_malloc)
    USB_ActivateEndpoint                     0x080063bd   Thumb Code   600  stm32f1xx_ll_usb.o(i.USB_ActivateEndpoint)
    USB_CoreInit                             0x08006615   Thumb Code     4  stm32f1xx_ll_usb.o(i.USB_CoreInit)
    USB_DeactivateEndpoint                   0x08006619   Thumb Code   270  stm32f1xx_ll_usb.o(i.USB_DeactivateEndpoint)
    USB_DevConnect                           0x08006727   Thumb Code     4  stm32f1xx_ll_usb.o(i.USB_DevConnect)
    USB_DevDisconnect                        0x0800672b   Thumb Code     4  stm32f1xx_ll_usb.o(i.USB_DevDisconnect)
    USB_DevInit                              0x0800672f   Thumb Code    18  stm32f1xx_ll_usb.o(i.USB_DevInit)
    USB_DisableGlobalInt                     0x08006741   Thumb Code    14  stm32f1xx_ll_usb.o(i.USB_DisableGlobalInt)
    USB_EP0_OutStart                         0x0800674f   Thumb Code     4  stm32f1xx_ll_usb.o(i.USB_EP0_OutStart)
    USB_EPClearStall                         0x08006753   Thumb Code   120  stm32f1xx_ll_usb.o(i.USB_EPClearStall)
    USB_EPSetStall                           0x080067cb   Thumb Code    50  stm32f1xx_ll_usb.o(i.USB_EPSetStall)
    USB_EPStartXfer                          0x080067fd   Thumb Code  1230  stm32f1xx_ll_usb.o(i.USB_EPStartXfer)
    USB_EnableGlobalInt                      0x08006ccb   Thumb Code    18  stm32f1xx_ll_usb.o(i.USB_EnableGlobalInt)
    USB_LP_CAN1_RX0_IRQHandler               0x08006cdd   Thumb Code     6  stm32f1xx_it.o(i.USB_LP_CAN1_RX0_IRQHandler)
    USB_ReadInterrupts                       0x08006ce9   Thumb Code     6  stm32f1xx_ll_usb.o(i.USB_ReadInterrupts)
    USB_ReadPMA                              0x08006cf1   Thumb Code    44  stm32f1xx_ll_usb.o(i.USB_ReadPMA)
    USB_SetCurrentMode                       0x08006d1d   Thumb Code     4  stm32f1xx_ll_usb.o(i.USB_SetCurrentMode)
    USB_SetDevAddress                        0x08006d21   Thumb Code    12  stm32f1xx_ll_usb.o(i.USB_SetDevAddress)
    USB_WritePMA                             0x08006d2d   Thumb Code    38  stm32f1xx_ll_usb.o(i.USB_WritePMA)
    UsageFault_Handler                       0x08006d53   Thumb Code     2  stm32f1xx_it.o(i.UsageFault_Handler)
    __0sprintf                               0x08006d55   Thumb Code    34  printfa.o(i.__0sprintf)
    __1sprintf                               0x08006d55   Thumb Code     0  printfa.o(i.__0sprintf)
    __2sprintf                               0x08006d55   Thumb Code     0  printfa.o(i.__0sprintf)
    __c89sprintf                             0x08006d55   Thumb Code     0  printfa.o(i.__0sprintf)
    sprintf                                  0x08006d55   Thumb Code     0  printfa.o(i.__0sprintf)
    __ARM_fpclassify                         0x08006d7d   Thumb Code    40  fpclassify.o(i.__ARM_fpclassify)
    __aeabi_errno_addr                       0x08006dc5   Thumb Code     4  errno.o(i.__aeabi_errno_addr)
    __rt_errno_addr                          0x08006dc5   Thumb Code     0  errno.o(i.__aeabi_errno_addr)
    __ieee754_rem_pio2                       0x08006dcd   Thumb Code   828  rred.o(i.__ieee754_rem_pio2)
    __kernel_cos                             0x08007155   Thumb Code   230  cos_i.o(i.__kernel_cos)
    __kernel_poly                            0x08007251   Thumb Code   170  poly.o(i.__kernel_poly)
    __kernel_sin                             0x080072fd   Thumb Code   224  sin_i.o(i.__kernel_sin)
    __kernel_tan                             0x080073e9   Thumb Code   586  tan_i.o(i.__kernel_tan)
    __mathlib_dbl_infnan                     0x08007665   Thumb Code     6  dunder.o(i.__mathlib_dbl_infnan)
    __mathlib_dbl_infnan2                    0x0800766b   Thumb Code     4  dunder.o(i.__mathlib_dbl_infnan2)
    __mathlib_dbl_invalid                    0x0800766f   Thumb Code    12  dunder.o(i.__mathlib_dbl_invalid)
    __mathlib_dbl_underflow                  0x0800767d   Thumb Code    10  dunder.o(i.__mathlib_dbl_underflow)
    __read_errno                             0x0800768d   Thumb Code     6  errno.o(i.__read_errno)
    __scatterload_copy                       0x08007699   Thumb Code    14  handlers.o(i.__scatterload_copy)
    __scatterload_null                       0x080076a7   Thumb Code     2  handlers.o(i.__scatterload_null)
    __scatterload_zeroinit                   0x080076a9   Thumb Code    14  handlers.o(i.__scatterload_zeroinit)
    __set_errno                              0x080076b9   Thumb Code     6  errno.o(i.__set_errno)
    _is_digit                                0x08007849   Thumb Code    14  scanf_fp.o(i._is_digit)
    acos                                     0x08007f91   Thumb Code   574  acos.o(i.acos)
    atan                                     0x0800820d   Thumb Code   474  atan.o(i.atan)
    atan2                                    0x0800842d   Thumb Code   346  atan2.o(i.atan2)
    atof                                     0x080085ad   Thumb Code    42  atof.o(i.atof)
    cat_chuoi                                0x080085d7   Thumb Code    40  main.o(i.cat_chuoi)
    cos                                      0x08008601   Thumb Code   148  cos.o(i.cos)
    dk_sac                                   0x0800869d   Thumb Code   208  main.o(i.dk_sac)
    dk_xl                                    0x08008781   Thumb Code   776  main.o(i.dk_xl)
    do_dong_ap                               0x08008aa9   Thumb Code   678  main.o(i.do_dong_ap)
    do_tinh_hien_thi                         0x08008db1   Thumb Code   572  main.o(i.do_tinh_hien_thi)
    getAngle                                 0x080090c1   Thumb Code   270  kalman.o(i.getAngle)
    goc_pin                                  0x080091d1   Thumb Code   614  goc_pin.o(i.goc_pin)
    init_kalman_mpu6050                      0x080094dd   Thumb Code   182  mpu6050_kalman.o(i.init_kalman_mpu6050)
    kalman_mpu6050                           0x080095a1   Thumb Code   646  mpu6050_kalman.o(i.kalman_mpu6050)
    main                                     0x0800985d   Thumb Code   310  main.o(i.main)
    setAngle                                 0x080099c1   Thumb Code     4  kalman.o(i.setAngle)
    sin                                      0x080099c5   Thumb Code   150  sin.o(i.sin)
    so_ngay                                  0x08009a65   Thumb Code    72  goc_pin.o(i.so_ngay)
    sqrt                                     0x08009aad   Thumb Code    76  sqrt.o(i.sqrt)
    tan                                      0x08009af9   Thumb Code    90  tan.o(i.tan)
    AHBPrescTable                            0x08009b5c   Data          16  system_stm32f1xx.o(.constdata)
    APBPrescTable                            0x08009b6c   Data           8  system_stm32f1xx.o(.constdata)
    __mathlib_zero                           0x08009c90   Data           8  qnan.o(.constdata)
    __ctype_table                            0x08009de8   Data         129  ctype_o.o(.constdata)
    Region$$Table$$Base                      0x08009e78   Number         0  anon$$obj.o(Region$$Table)
    Region$$Table$$Limit                     0x08009e98   Number         0  anon$$obj.o(Region$$Table)
    n                                        0x20000000   Data           4  goc_pin.o(.data)
    PALT                                     0x20000004   Data           4  goc_pin.o(.data)
    TALT                                     0x20000008   Data           4  goc_pin.o(.data)
    PATT                                     0x2000000c   Data           4  goc_pin.o(.data)
    timer                                    0x20000010   Data           4  mpu6050_kalman.o(.data)
    accX                                     0x20000018   Data           8  mpu6050_kalman.o(.data)
    accY                                     0x20000020   Data           8  mpu6050_kalman.o(.data)
    accZ                                     0x20000028   Data           8  mpu6050_kalman.o(.data)
    gyroX                                    0x20000030   Data           8  mpu6050_kalman.o(.data)
    gyroY                                    0x20000038   Data           8  mpu6050_kalman.o(.data)
    gyroZ                                    0x20000040   Data           8  mpu6050_kalman.o(.data)
    gyroXangle                               0x20000048   Data           8  mpu6050_kalman.o(.data)
    gyroYangle                               0x20000050   Data           8  mpu6050_kalman.o(.data)
    compAngleX                               0x20000058   Data           8  mpu6050_kalman.o(.data)
    compAngleY                               0x20000060   Data           8  mpu6050_kalman.o(.data)
    kalAngleX                                0x20000068   Data           8  mpu6050_kalman.o(.data)
    kalAngleY                                0x20000070   Data           8  mpu6050_kalman.o(.data)
    kalmanX                                  0x20000078   Data          40  mpu6050_kalman.o(.data)
    kalmanY                                  0x200000a0   Data          40  mpu6050_kalman.o(.data)
    vinmin                                   0x200000c8   Data           4  mppt.o(.data)
    vinmax                                   0x200000cc   Data           4  mppt.o(.data)
    vout                                     0x200000d0   Data           4  mppt.o(.data)
    dutymax                                  0x200000d4   Data           4  mppt.o(.data)
    dutymin                                  0x200000d8   Data           4  mppt.o(.data)
    deltaduty                                0x200000dc   Data           4  mppt.o(.data)
    duty                                     0x200000e0   Data           4  mppt.o(.data)
    vk_1                                     0x200000e4   Data           4  mppt.o(.data)
    ik_1                                     0x200000e8   Data           4  mppt.o(.data)
    pk_1                                     0x200000ec   Data           4  mppt.o(.data)
    duty_1                                   0x200000f0   Data           4  mppt.o(.data)
    deltaV                                   0x200000f4   Data           4  mppt.o(.data)
    deltaI                                   0x200000f8   Data           4  mppt.o(.data)
    deltaP                                   0x200000fc   Data           4  mppt.o(.data)
    pk                                       0x20000100   Data           4  mppt.o(.data)
    rxdata                                   0x20000104   Data           1  main.o(.data)
    rx                                       0x20000105   Data           1  main.o(.data)
    tx                                       0x20000106   Data           1  main.o(.data)
    uartcount                                0x20000107   Data           1  main.o(.data)
    uartsize                                 0x20000108   Data           1  main.o(.data)
    shour                                    0x20000109   Data           1  main.o(.data)
    smin                                     0x2000010a   Data           1  main.o(.data)
    ssec                                     0x2000010b   Data           1  main.o(.data)
    sdate                                    0x2000010c   Data           1  main.o(.data)
    smonth                                   0x2000010d   Data           1  main.o(.data)
    syear                                    0x2000010e   Data           1  main.o(.data)
    mode                                     0x2000010f   Data           1  main.o(.data)
    m                                        0x20000110   Data           1  main.o(.data)
    p                                        0x20000111   Data           1  main.o(.data)
    g                                        0x20000112   Data           1  main.o(.data)
    sec                                      0x20000113   Data           1  main.o(.data)
    min                                      0x20000114   Data           1  main.o(.data)
    hour                                     0x20000115   Data           1  main.o(.data)
    wday                                     0x20000116   Data           1  main.o(.data)
    date                                     0x20000117   Data           1  main.o(.data)
    month                                    0x20000118   Data           1  main.o(.data)
    year                                     0x20000119   Data           1  main.o(.data)
    sTime                                    0x2000011a   Data           3  main.o(.data)
    VD                                       0x20000120   Data           4  main.o(.data)
    KD                                       0x20000124   Data           4  main.o(.data)
    goc_max                                  0x20000128   Data           4  main.o(.data)
    goc_min                                  0x2000012c   Data           4  main.o(.data)
    tmax                                     0x20000130   Data           4  main.o(.data)
    tmin                                     0x20000134   Data           4  main.o(.data)
    PA                                       0x20000138   Data           4  main.o(.data)
    PAS                                      0x2000013c   Data           4  main.o(.data)
    deltaT                                   0x20000140   Data           4  main.o(.data)
    deltaA                                   0x20000144   Data           4  main.o(.data)
    t                                        0x20000148   Data           4  main.o(.data)
    timedisp1                                0x2000014c   Data           4  main.o(.data)
    timedisp2                                0x20000150   Data           4  main.o(.data)
    V_PVmax                                  0x20000154   Data           4  main.o(.data)
    V_AQmax                                  0x20000158   Data           4  main.o(.data)
    V_AQon                                   0x2000015c   Data           4  main.o(.data)
    V_AQoff                                  0x20000160   Data           4  main.o(.data)
    I_AQmax                                  0x20000164   Data           4  main.o(.data)
    V_AQfloat                                0x20000168   Data           4  main.o(.data)
    I_Tmax                                   0x2000016c   Data           4  main.o(.data)
    timewait                                 0x20000170   Data           4  main.o(.data)
    idgate                                   0x20000174   Data           4  main.o(.data)
    idnode                                   0x20000178   Data           4  main.o(.data)
    DateToUpdate                             0x2000017c   Data           4  main.o(.data)
    V_PV                                     0x20000180   Data           4  main.o(.data)
    I_PV                                     0x20000184   Data           4  main.o(.data)
    V_AQ                                     0x20000188   Data           4  main.o(.data)
    I_AQ                                     0x2000018c   Data           4  main.o(.data)
    I_T                                      0x20000190   Data           4  main.o(.data)
    FS_Desc                                  0x20000194   Data          28  usbd_desc.o(.data)
    USBD_LangIDDesc                          0x200001b0   Data           4  usbd_desc.o(.data)
    USBD_FS_DeviceDesc                       0x200001b4   Data          18  usbd_desc.o(.data)
    USBD_StringSerial                        0x200001c8   Data          26  usbd_desc.o(.data)
    Rxcount                                  0x200001e4   Data           1  usbd_cdc_if.o(.data)
    check                                    0x200001e5   Data           1  usbd_cdc_if.o(.data)
    dataSize                                 0x200001e8   Data           4  usbd_cdc_if.o(.data)
    USBD_Interface_fops_FS                   0x200001ec   Data          16  usbd_cdc_if.o(.data)
    uwTickFreq                               0x200001fc   Data           1  stm32f1xx_hal.o(.data)
    uwTickPrio                               0x20000200   Data           4  stm32f1xx_hal.o(.data)
    uwTick                                   0x20000204   Data           4  stm32f1xx_hal.o(.data)
    SystemCoreClock                          0x20000208   Data           4  system_stm32f1xx.o(.data)
    USBD_CDC_CfgHSDesc                       0x2000021c   Data          67  usbd_cdc.o(.data)
    USBD_CDC_CfgFSDesc                       0x20000260   Data          67  usbd_cdc.o(.data)
    USBD_CDC_OtherSpeedCfgDesc               0x200002a4   Data          67  usbd_cdc.o(.data)
    USBD_CDC                                 0x200002e8   Data          56  usbd_cdc.o(.data)
    hi2c2                                    0x20000328   Data          84  mpu6050_kalman.o(.bss)
    receiveuart                              0x2000037c   Data         100  main.o(.bss)
    senduart                                 0x200003e0   Data         100  main.o(.bss)
    hadc1                                    0x20000444   Data          48  main.o(.bss)
    hrtc                                     0x20000474   Data          20  main.o(.bss)
    htim1                                    0x20000488   Data          72  main.o(.bss)
    huart1                                   0x200004d0   Data          64  main.o(.bss)
    uartbuf                                  0x20000510   Data         100  main.o(.bss)
    data                                     0x20000574   Data         100  main.o(.bss)
    adc_data                                 0x200005d8   Data          12  main.o(.bss)
    hdma_adc1                                0x200005e4   Data          68  main.o(.bss)
    hdma_usart1_rx                           0x20000628   Data          68  main.o(.bss)
    hUsbDeviceFS                             0x2000066c   Data         708  usb_device.o(.bss)
    hpcd_USB_FS                              0x20000b50   Data         748  usbd_conf.o(.bss)
    USBD_StrDesc                             0x20000e3c   Data         512  usbd_desc.o(.bss)
    ReceivedData                             0x2000103c   Data         100  usbd_cdc_if.o(.bss)
    UserRxBufferFS                           0x200010a0   Data        2048  usbd_cdc_if.o(.bss)
    UserTxBufferFS                           0x200018a0   Data        2048  usbd_cdc_if.o(.bss)
    SendData                                 0x200020a0   Data         100  usbd_cdc_if.o(.bss)
    __initial_sp                             0x20002508   Data           0  startup_stm32f103xb.o(STACK)



==============================================================================

Memory Map of the image

  Image Entry point : 0x080000ed

  Load Region LR_IROM1 (Base: 0x08000000, Size: 0x0000a1c0, Max: 0x00010000, ABSOLUTE, COMPRESSED[0x00009fd4])

    Execution Region ER_IROM1 (Exec base: 0x08000000, Load base: 0x08000000, Size: 0x00009e98, Max: 0x00010000, ABSOLUTE)

    Exec Addr    Load Addr    Size         Type   Attr      Idx    E Section Name        Object

    0x08000000   0x08000000   0x000000ec   Data   RO            3    RESET               startup_stm32f103xb.o
    0x080000ec   0x080000ec   0x00000000   Code   RO         5343  * .ARM.Collect$$$$00000000  mc_w.l(entry.o)
    0x080000ec   0x080000ec   0x00000004   Code   RO         5706    .ARM.Collect$$$$00000001  mc_w.l(entry2.o)
    0x080000f0   0x080000f0   0x00000004   Code   RO         5709    .ARM.Collect$$$$00000004  mc_w.l(entry5.o)
    0x080000f4   0x080000f4   0x00000000   Code   RO         5711    .ARM.Collect$$$$00000008  mc_w.l(entry7b.o)
    0x080000f4   0x080000f4   0x00000000   Code   RO         5713    .ARM.Collect$$$$0000000A  mc_w.l(entry8b.o)
    0x080000f4   0x080000f4   0x00000008   Code   RO         5714    .ARM.Collect$$$$0000000B  mc_w.l(entry9a.o)
    0x080000fc   0x080000fc   0x00000000   Code   RO         5716    .ARM.Collect$$$$0000000D  mc_w.l(entry10a.o)
    0x080000fc   0x080000fc   0x00000000   Code   RO         5718    .ARM.Collect$$$$0000000F  mc_w.l(entry11a.o)
    0x080000fc   0x080000fc   0x00000004   Code   RO         5707    .ARM.Collect$$$$00002712  mc_w.l(entry2.o)
    0x08000100   0x08000100   0x00000024   Code   RO            4    .text               startup_stm32f103xb.o
    0x08000124   0x08000124   0x00000020   Code   RO         5346    .text               mc_w.l(llushr.o)
    0x08000144   0x08000144   0x00000024   Code   RO         5348    .text               mc_w.l(memcpya.o)
    0x08000168   0x08000168   0x00000024   Code   RO         5350    .text               mc_w.l(memseta.o)
    0x0800018c   0x0800018c   0x0000000e   Code   RO         5352    .text               mc_w.l(strlen.o)
    0x0800019a   0x0800019a   0x0000001c   Code   RO         5354    .text               mc_w.l(strcmp.o)
    0x080001b6   0x080001b6   0x00000002   PAD
    0x080001b8   0x080001b8   0x00000044   Code   RO         5356    .text               mc_w.l(strtok.o)
    0x080001fc   0x080001fc   0x0000001a   Code   RO         5625    .text               mc_w.l(atoi.o)
    0x08000216   0x08000216   0x000000b0   Code   RO         5627    .text               mf_w.l(fadd.o)
    0x080002c6   0x080002c6   0x00000064   Code   RO         5629    .text               mf_w.l(fmul.o)
    0x0800032a   0x0800032a   0x0000007c   Code   RO         5631    .text               mf_w.l(fdiv.o)
    0x080003a6   0x080003a6   0x00000018   Code   RO         5633    .text               mf_w.l(fscalb.o)
    0x080003be   0x080003be   0x0000014e   Code   RO         5635    .text               mf_w.l(dadd.o)
    0x0800050c   0x0800050c   0x000000e4   Code   RO         5637    .text               mf_w.l(dmul.o)
    0x080005f0   0x080005f0   0x000000de   Code   RO         5639    .text               mf_w.l(ddiv.o)
    0x080006ce   0x080006ce   0x00000012   Code   RO         5641    .text               mf_w.l(fflti.o)
    0x080006e0   0x080006e0   0x0000000a   Code   RO         5643    .text               mf_w.l(ffltui.o)
    0x080006ea   0x080006ea   0x00000022   Code   RO         5645    .text               mf_w.l(dflti.o)
    0x0800070c   0x0800070c   0x0000001a   Code   RO         5647    .text               mf_w.l(dfltui.o)
    0x08000726   0x08000726   0x00000032   Code   RO         5649    .text               mf_w.l(ffixi.o)
    0x08000758   0x08000758   0x00000028   Code   RO         5651    .text               mf_w.l(ffixui.o)
    0x08000780   0x08000780   0x0000003e   Code   RO         5653    .text               mf_w.l(dfixi.o)
    0x080007be   0x080007be   0x00000026   Code   RO         5655    .text               mf_w.l(f2d.o)
    0x080007e4   0x080007e4   0x00000030   Code   RO         5657    .text               mf_w.l(cdcmple.o)
    0x08000814   0x08000814   0x00000030   Code   RO         5659    .text               mf_w.l(cdrcmple.o)
    0x08000844   0x08000844   0x00000038   Code   RO         5661    .text               mf_w.l(d2f.o)
    0x0800087c   0x0800087c   0x00000014   Code   RO         5663    .text               mf_w.l(cfcmple.o)
    0x08000890   0x08000890   0x00000014   Code   RO         5665    .text               mf_w.l(cfrcmple.o)
    0x080008a4   0x080008a4   0x0000002c   Code   RO         5723    .text               mc_w.l(uidiv.o)
    0x080008d0   0x080008d0   0x00000062   Code   RO         5725    .text               mc_w.l(uldiv.o)
    0x08000932   0x08000932   0x0000001e   Code   RO         5727    .text               mc_w.l(llshl.o)
    0x08000950   0x08000950   0x00000024   Code   RO         5729    .text               mc_w.l(llsshr.o)
    0x08000974   0x08000974   0x0000009c   Code   RO         5738    .text               mc_w.l(strtod.o)
    0x08000a10   0x08000a10   0x00000070   Code   RO         5740    .text               mc_w.l(strtol.o)
    0x08000a80   0x08000a80   0x00000000   Code   RO         5742    .text               mc_w.l(iusefp.o)
    0x08000a80   0x08000a80   0x0000006e   Code   RO         5743    .text               mf_w.l(fepilogue.o)
    0x08000aee   0x08000aee   0x000000ba   Code   RO         5745    .text               mf_w.l(depilogue.o)
    0x08000ba8   0x08000ba8   0x0000002e   Code   RO         5747    .text               mf_w.l(dscalb.o)
    0x08000bd6   0x08000bd6   0x000000a2   Code   RO         5749    .text               mf_w.l(dsqrt.o)
    0x08000c78   0x08000c78   0x00000030   Code   RO         5751    .text               mf_w.l(dfixul.o)
    0x08000ca8   0x08000ca8   0x00000024   Code   RO         5753    .text               mc_w.l(init.o)
    0x08000ccc   0x08000ccc   0x00000008   Code   RO         5758    .text               mc_w.l(ctype_o.o)
    0x08000cd4   0x08000cd4   0x00000012   Code   RO         5780    .text               mc_w.l(isspace_o.o)
    0x08000ce6   0x08000ce6   0x00000002   PAD
    0x08000ce8   0x08000ce8   0x00000360   Code   RO         5786    .text               mc_w.l(scanf_fp.o)
    0x08001048   0x08001048   0x00000040   Code   RO         5790    .text               mc_w.l(_sgetc.o)
    0x08001088   0x08001088   0x0000009e   Code   RO         5792    .text               mc_w.l(_strtoul.o)
    0x08001126   0x08001126   0x0000001c   Code   RO         5798    .text               mc_w.l(_chval.o)
    0x08001142   0x08001142   0x00000018   Code   RO         5800    .text               mf_w.l(dfltul.o)
    0x0800115a   0x0800115a   0x00000056   Code   RO         5810    .text               mc_w.l(__dczerorl2.o)
    0x080011b0   0x080011b0   0x0000004c   Code   RO         1631    i.ADC_ConversionStop_Disable  stm32f1xx_hal_adc.o
    0x080011fc   0x080011fc   0x0000004e   Code   RO         1632    i.ADC_DMAConvCplt   stm32f1xx_hal_adc.o
    0x0800124a   0x0800124a   0x0000001a   Code   RO         1633    i.ADC_DMAError      stm32f1xx_hal_adc.o
    0x08001264   0x08001264   0x0000000a   Code   RO         1634    i.ADC_DMAHalfConvCplt  stm32f1xx_hal_adc.o
    0x0800126e   0x0800126e   0x00000002   PAD
    0x08001270   0x08001270   0x00000070   Code   RO         1635    i.ADC_Enable        stm32f1xx_hal_adc.o
    0x080012e0   0x080012e0   0x00000002   Code   RO          951    i.BusFault_Handler  stm32f1xx_it.o
    0x080012e2   0x080012e2   0x00000004   Code   RO          896    i.CDC_Control_FS    usbd_cdc_if.o
    0x080012e6   0x080012e6   0x00000004   Code   RO          897    i.CDC_DeInit_FS     usbd_cdc_if.o
    0x080012ea   0x080012ea   0x00000002   PAD
    0x080012ec   0x080012ec   0x00000024   Code   RO          898    i.CDC_Init_FS       usbd_cdc_if.o
    0x08001310   0x08001310   0x00000054   Code   RO          899    i.CDC_Receive_FS    usbd_cdc_if.o
    0x08001364   0x08001364   0x0000003c   Code   RO          900    i.CDC_Transmit_FS   usbd_cdc_if.o
    0x080013a0   0x080013a0   0x0000000c   Code   RO          952    i.DMA1_Channel1_IRQHandler  stm32f1xx_it.o
    0x080013ac   0x080013ac   0x0000000c   Code   RO          953    i.DMA1_Channel5_IRQHandler  stm32f1xx_it.o
    0x080013b8   0x080013b8   0x0000002a   Code   RO         4278    i.DMA_SetConfig     stm32f1xx_hal_dma.o
    0x080013e2   0x080013e2   0x00000002   Code   RO          954    i.DebugMon_Handler  stm32f1xx_it.o
    0x080013e4   0x080013e4   0x00000002   Code   RO          426    i.Error_Handler     main.o
    0x080013e6   0x080013e6   0x00000002   PAD
    0x080013e8   0x080013e8   0x000000fc   Code   RO         1637    i.HAL_ADC_ConfigChannel  stm32f1xx_hal_adc.o
    0x080014e4   0x080014e4   0x00000002   Code   RO         1638    i.HAL_ADC_ConvCpltCallback  stm32f1xx_hal_adc.o
    0x080014e6   0x080014e6   0x00000002   Code   RO         1639    i.HAL_ADC_ConvHalfCpltCallback  stm32f1xx_hal_adc.o
    0x080014e8   0x080014e8   0x00000002   Code   RO         1641    i.HAL_ADC_ErrorCallback  stm32f1xx_hal_adc.o
    0x080014ea   0x080014ea   0x00000002   PAD
    0x080014ec   0x080014ec   0x0000011c   Code   RO         1646    i.HAL_ADC_Init      stm32f1xx_hal_adc.o
    0x08001608   0x08001608   0x00000090   Code   RO         1052    i.HAL_ADC_MspInit   stm32f1xx_hal_msp.o
    0x08001698   0x08001698   0x0000010c   Code   RO         1653    i.HAL_ADC_Start_DMA  stm32f1xx_hal_adc.o
    0x080017a4   0x080017a4   0x00000098   Code   RO         4280    i.HAL_DMA_Abort_IT  stm32f1xx_hal_dma.o
    0x0800183c   0x0800183c   0x00000154   Code   RO         4284    i.HAL_DMA_IRQHandler  stm32f1xx_hal_dma.o
    0x08001990   0x08001990   0x0000005c   Code   RO         4285    i.HAL_DMA_Init      stm32f1xx_hal_dma.o
    0x080019ec   0x080019ec   0x00000070   Code   RO         4289    i.HAL_DMA_Start_IT  stm32f1xx_hal_dma.o
    0x08001a5c   0x08001a5c   0x00000024   Code   RO         3907    i.HAL_Delay         stm32f1xx_hal.o
    0x08001a80   0x08001a80   0x000001e0   Code   RO         4215    i.HAL_GPIO_Init     stm32f1xx_hal_gpio.o
    0x08001c60   0x08001c60   0x0000000a   Code   RO         4219    i.HAL_GPIO_WritePin  stm32f1xx_hal_gpio.o
    0x08001c6a   0x08001c6a   0x00000002   PAD
    0x08001c6c   0x08001c6c   0x0000000c   Code   RO         3911    i.HAL_GetTick       stm32f1xx_hal.o
    0x08001c78   0x08001c78   0x00000188   Code   RO         1918    i.HAL_I2C_Init      stm32f1xx_hal_i2c.o
    0x08001e00   0x08001e00   0x00000250   Code   RO         1936    i.HAL_I2C_Mem_Read  stm32f1xx_hal_i2c.o
    0x08002050   0x08002050   0x00000130   Code   RO         1939    i.HAL_I2C_Mem_Write  stm32f1xx_hal_i2c.o
    0x08002180   0x08002180   0x00000060   Code   RO         1054    i.HAL_I2C_MspInit   stm32f1xx_hal_msp.o
    0x080021e0   0x080021e0   0x00000010   Code   RO         3917    i.HAL_IncTick       stm32f1xx_hal.o
    0x080021f0   0x080021f0   0x00000024   Code   RO         3918    i.HAL_Init          stm32f1xx_hal.o
    0x08002214   0x08002214   0x00000040   Code   RO         3919    i.HAL_InitTick      stm32f1xx_hal.o
    0x08002254   0x08002254   0x0000003c   Code   RO         1055    i.HAL_MspInit       stm32f1xx_hal_msp.o
    0x08002290   0x08002290   0x0000001a   Code   RO         4375    i.HAL_NVIC_EnableIRQ  stm32f1xx_hal_cortex.o
    0x080022aa   0x080022aa   0x00000002   PAD
    0x080022ac   0x080022ac   0x00000040   Code   RO         4381    i.HAL_NVIC_SetPriority  stm32f1xx_hal_cortex.o
    0x080022ec   0x080022ec   0x00000024   Code   RO         4382    i.HAL_NVIC_SetPriorityGrouping  stm32f1xx_hal_cortex.o
    0x08002310   0x08002310   0x0000003c   Code   RO         1411    i.HAL_PCDEx_PMAConfig  stm32f1xx_hal_pcd_ex.o
    0x0800234c   0x0800234c   0x00000002   Code   RO          598    i.HAL_PCDEx_SetConnectionState  usbd_conf.o
    0x0800234e   0x0800234e   0x00000012   Code   RO          600    i.HAL_PCD_DataInStageCallback  usbd_conf.o
    0x08002360   0x08002360   0x00000014   Code   RO          601    i.HAL_PCD_DataOutStageCallback  usbd_conf.o
    0x08002374   0x08002374   0x0000004c   Code   RO         1187    i.HAL_PCD_EP_Close  stm32f1xx_hal_pcd.o
    0x080023c0   0x080023c0   0x0000005c   Code   RO         1188    i.HAL_PCD_EP_ClrStall  stm32f1xx_hal_pcd.o
    0x0800241c   0x0800241c   0x000000e6   Code   RO         1189    i.HAL_PCD_EP_DB_Receive  stm32f1xx_hal_pcd.o
    0x08002502   0x08002502   0x00000220   Code   RO         1190    i.HAL_PCD_EP_DB_Transmit  stm32f1xx_hal_pcd.o
    0x08002722   0x08002722   0x00000012   Code   RO         1192    i.HAL_PCD_EP_GetRxCount  stm32f1xx_hal_pcd.o
    0x08002734   0x08002734   0x00000060   Code   RO         1193    i.HAL_PCD_EP_Open   stm32f1xx_hal_pcd.o
    0x08002794   0x08002794   0x00000032   Code   RO         1194    i.HAL_PCD_EP_Receive  stm32f1xx_hal_pcd.o
    0x080027c6   0x080027c6   0x00000072   Code   RO         1195    i.HAL_PCD_EP_SetStall  stm32f1xx_hal_pcd.o
    0x08002838   0x08002838   0x00000034   Code   RO         1196    i.HAL_PCD_EP_Transmit  stm32f1xx_hal_pcd.o
    0x0800286c   0x0800286c   0x00000154   Code   RO         1198    i.HAL_PCD_IRQHandler  stm32f1xx_hal_pcd.o
    0x080029c0   0x080029c0   0x000000da   Code   RO         1201    i.HAL_PCD_Init      stm32f1xx_hal_pcd.o
    0x08002a9a   0x08002a9a   0x00000002   PAD
    0x08002a9c   0x08002a9c   0x0000003c   Code   RO          606    i.HAL_PCD_MspInit   usbd_conf.o
    0x08002ad8   0x08002ad8   0x00000026   Code   RO          607    i.HAL_PCD_ResetCallback  usbd_conf.o
    0x08002afe   0x08002afe   0x00000008   Code   RO          608    i.HAL_PCD_ResumeCallback  usbd_conf.o
    0x08002b06   0x08002b06   0x00000008   Code   RO          609    i.HAL_PCD_SOFCallback  usbd_conf.o
    0x08002b0e   0x08002b0e   0x00000028   Code   RO         1207    i.HAL_PCD_SetAddress  stm32f1xx_hal_pcd.o
    0x08002b36   0x08002b36   0x0000000e   Code   RO          610    i.HAL_PCD_SetupStageCallback  usbd_conf.o
    0x08002b44   0x08002b44   0x00000032   Code   RO         1209    i.HAL_PCD_Start     stm32f1xx_hal_pcd.o
    0x08002b76   0x08002b76   0x00000002   PAD
    0x08002b78   0x08002b78   0x00000024   Code   RO          611    i.HAL_PCD_SuspendCallback  usbd_conf.o
    0x08002b9c   0x08002b9c   0x0000000c   Code   RO         4497    i.HAL_PWR_EnableBkUpAccess  stm32f1xx_hal_pwr.o
    0x08002ba8   0x08002ba8   0x000000c8   Code   RO         4177    i.HAL_RCCEx_GetPeriphCLKFreq  stm32f1xx_hal_rcc_ex.o
    0x08002c70   0x08002c70   0x000000ec   Code   RO         4178    i.HAL_RCCEx_PeriphCLKConfig  stm32f1xx_hal_rcc_ex.o
    0x08002d5c   0x08002d5c   0x0000012c   Code   RO         4075    i.HAL_RCC_ClockConfig  stm32f1xx_hal_rcc.o
    0x08002e88   0x08002e88   0x00000020   Code   RO         4082    i.HAL_RCC_GetPCLK1Freq  stm32f1xx_hal_rcc.o
    0x08002ea8   0x08002ea8   0x00000020   Code   RO         4083    i.HAL_RCC_GetPCLK2Freq  stm32f1xx_hal_rcc.o
    0x08002ec8   0x08002ec8   0x0000006c   Code   RO         4084    i.HAL_RCC_GetSysClockFreq  stm32f1xx_hal_rcc.o
    0x08002f34   0x08002f34   0x00000320   Code   RO         4087    i.HAL_RCC_OscConfig  stm32f1xx_hal_rcc.o
    0x08003254   0x08003254   0x00000010   Code   RO         2504    i.HAL_RTCEx_BKUPRead  stm32f1xx_hal_rtc_ex.o
    0x08003264   0x08003264   0x00000010   Code   RO         2505    i.HAL_RTCEx_BKUPWrite  stm32f1xx_hal_rtc_ex.o
    0x08003274   0x08003274   0x0000004e   Code   RO         2339    i.HAL_RTC_GetDate   stm32f1xx_hal_rtc.o
    0x080032c2   0x080032c2   0x000000d8   Code   RO         2341    i.HAL_RTC_GetTime   stm32f1xx_hal_rtc.o
    0x0800339a   0x0800339a   0x00000002   PAD
    0x0800339c   0x0800339c   0x000000a0   Code   RO         2342    i.HAL_RTC_Init      stm32f1xx_hal_rtc.o
    0x0800343c   0x0800343c   0x00000034   Code   RO         1057    i.HAL_RTC_MspInit   stm32f1xx_hal_msp.o
    0x08003470   0x08003470   0x000000c4   Code   RO         2348    i.HAL_RTC_SetDate   stm32f1xx_hal_rtc.o
    0x08003534   0x08003534   0x000000ac   Code   RO         2349    i.HAL_RTC_SetTime   stm32f1xx_hal_rtc.o
    0x080035e0   0x080035e0   0x0000003a   Code   RO         2350    i.HAL_RTC_WaitForSynchro  stm32f1xx_hal_rtc.o
    0x0800361a   0x0800361a   0x00000028   Code   RO         4386    i.HAL_SYSTICK_Config  stm32f1xx_hal_cortex.o
    0x08003642   0x08003642   0x00000054   Code   RO         3315    i.HAL_TIMEx_ConfigBreakDeadTime  stm32f1xx_hal_tim_ex.o
    0x08003696   0x08003696   0x00000002   PAD
    0x08003698   0x08003698   0x00000068   Code   RO         3331    i.HAL_TIMEx_MasterConfigSynchronization  stm32f1xx_hal_tim_ex.o
    0x08003700   0x08003700   0x0000005a   Code   RO         2608    i.HAL_TIM_Base_Init  stm32f1xx_hal_tim.o
    0x0800375a   0x0800375a   0x00000002   PAD
    0x0800375c   0x0800375c   0x00000028   Code   RO         1059    i.HAL_TIM_Base_MspInit  stm32f1xx_hal_msp.o
    0x08003784   0x08003784   0x000000d6   Code   RO         2617    i.HAL_TIM_ConfigClockSource  stm32f1xx_hal_tim.o
    0x0800385a   0x0800385a   0x00000002   PAD
    0x0800385c   0x0800385c   0x0000004c   Code   RO         1060    i.HAL_TIM_MspPostInit  stm32f1xx_hal_msp.o
    0x080038a8   0x080038a8   0x000000c6   Code   RO         2680    i.HAL_TIM_PWM_ConfigChannel  stm32f1xx_hal_tim.o
    0x0800396e   0x0800396e   0x0000005a   Code   RO         2683    i.HAL_TIM_PWM_Init  stm32f1xx_hal_tim.o
    0x080039c8   0x080039c8   0x00000002   Code   RO         2685    i.HAL_TIM_PWM_MspInit  stm32f1xx_hal_tim.o
    0x080039ca   0x080039ca   0x00000002   PAD
    0x080039cc   0x080039cc   0x0000009c   Code   RO         2688    i.HAL_TIM_PWM_Start  stm32f1xx_hal_tim.o
    0x08003a68   0x08003a68   0x00000002   Code   RO         3600    i.HAL_UART_ErrorCallback  stm32f1xx_hal_uart.o
    0x08003a6a   0x08003a6a   0x00000002   PAD
    0x08003a6c   0x08003a6c   0x0000015c   Code   RO         3603    i.HAL_UART_IRQHandler  stm32f1xx_hal_uart.o
    0x08003bc8   0x08003bc8   0x00000062   Code   RO         3604    i.HAL_UART_Init     stm32f1xx_hal_uart.o
    0x08003c2a   0x08003c2a   0x00000002   PAD
    0x08003c2c   0x08003c2c   0x000000b4   Code   RO         1062    i.HAL_UART_MspInit  stm32f1xx_hal_msp.o
    0x08003ce0   0x08003ce0   0x00000052   Code   RO         3609    i.HAL_UART_Receive_IT  stm32f1xx_hal_uart.o
    0x08003d32   0x08003d32   0x00000002   PAD
    0x08003d34   0x08003d34   0x0000005c   Code   RO          427    i.HAL_UART_RxCpltCallback  main.o
    0x08003d90   0x08003d90   0x0000003e   Code   RO         3614    i.HAL_UART_Transmit_IT  stm32f1xx_hal_uart.o
    0x08003dce   0x08003dce   0x00000002   PAD
    0x08003dd0   0x08003dd0   0x0000000c   Code   RO          428    i.HAL_UART_TxCpltCallback  main.o
    0x08003ddc   0x08003ddc   0x00000002   Code   RO          955    i.HardFault_Handler  stm32f1xx_it.o
    0x08003dde   0x08003dde   0x0000002e   Code   RO         1960    i.I2C_IsAcknowledgeFailed  stm32f1xx_hal_i2c.o
    0x08003e0c   0x08003e0c   0x000000fc   Code   RO         1970    i.I2C_RequestMemoryRead  stm32f1xx_hal_i2c.o
    0x08003f08   0x08003f08   0x000000a8   Code   RO         1971    i.I2C_RequestMemoryWrite  stm32f1xx_hal_i2c.o
    0x08003fb0   0x08003fb0   0x0000004c   Code   RO         1974    i.I2C_WaitOnBTFFlagUntilTimeout  stm32f1xx_hal_i2c.o
    0x08003ffc   0x08003ffc   0x00000068   Code   RO         1975    i.I2C_WaitOnFlagUntilTimeout  stm32f1xx_hal_i2c.o
    0x08004064   0x08004064   0x00000096   Code   RO         1976    i.I2C_WaitOnMasterAddressFlagUntilTimeout  stm32f1xx_hal_i2c.o
    0x080040fa   0x080040fa   0x00000066   Code   RO         1977    i.I2C_WaitOnRXNEFlagUntilTimeout  stm32f1xx_hal_i2c.o
    0x08004160   0x08004160   0x0000004c   Code   RO         1978    i.I2C_WaitOnTXEFlagUntilTimeout  stm32f1xx_hal_i2c.o
    0x080041ac   0x080041ac   0x00000038   Code   RO          810    i.IntToUnicode      usbd_desc.o
    0x080041e4   0x080041e4   0x00000012   Code   RO           13    i.LCD_Clear         lcd16x2.o
    0x080041f6   0x080041f6   0x00000002   PAD
    0x080041f8   0x080041f8   0x00000030   Code   RO           14    i.LCD_Enable        lcd16x2.o
    0x08004228   0x08004228   0x00000020   Code   RO           15    i.LCD_Gotoxy        lcd16x2.o
    0x08004248   0x08004248   0x00000050   Code   RO           16    i.LCD_Init          lcd16x2.o
    0x08004298   0x08004298   0x0000002c   Code   RO           17    i.LCD_PutChar       lcd16x2.o
    0x080042c4   0x080042c4   0x00000016   Code   RO           18    i.LCD_Puts          lcd16x2.o
    0x080042da   0x080042da   0x00000002   PAD
    0x080042dc   0x080042dc   0x00000040   Code   RO           19    i.LCD_Send4Bit      lcd16x2.o
    0x0800431c   0x0800431c   0x0000001c   Code   RO           20    i.LCD_SendCommand   lcd16x2.o
    0x08004338   0x08004338   0x000000c4   Code   RO          384    i.MPPT_INC          mppt.o
    0x080043fc   0x080043fc   0x0000004c   Code   RO          385    i.MPPT_INIT         mppt.o
    0x08004448   0x08004448   0x0000008c   Code   RO          325    i.MPU6050_Init      mpu6050_kalman.o
    0x080044d4   0x080044d4   0x00000058   Code   RO          326    i.MPU6050_Read_Accel  mpu6050_kalman.o
    0x0800452c   0x0800452c   0x00000058   Code   RO          327    i.MPU6050_Read_Gyro  mpu6050_kalman.o
    0x08004584   0x08004584   0x00000088   Code   RO          429    i.MX_ADC1_Init      main.o
    0x0800460c   0x0800460c   0x000000e0   Code   RO          430    i.MX_GPIO_Init      main.o
    0x080046ec   0x080046ec   0x00000030   Code   RO          431    i.MX_I2C2_Init      main.o
    0x0800471c   0x0800471c   0x000000a4   Code   RO          432    i.MX_RTC_Init       main.o
    0x080047c0   0x080047c0   0x000000a4   Code   RO          433    i.MX_TIM1_Init      main.o
    0x08004864   0x08004864   0x00000054   Code   RO          567    i.MX_USB_DEVICE_Init  usb_device.o
    0x080048b8   0x080048b8   0x00000002   Code   RO          956    i.MemManage_Handler  stm32f1xx_it.o
    0x080048ba   0x080048ba   0x00000002   Code   RO          957    i.NMI_Handler       stm32f1xx_it.o
    0x080048bc   0x080048bc   0x000002fc   Code   RO         1213    i.PCD_EP_ISR_Handler  stm32f1xx_hal_pcd.o
    0x08004bb8   0x08004bb8   0x00000002   Code   RO          958    i.PendSV_Handler    stm32f1xx_it.o
    0x08004bba   0x08004bba   0x00000012   Code   RO         2351    i.RTC_Bcd2ToByte    stm32f1xx_hal_rtc.o
    0x08004bcc   0x08004bcc   0x00000016   Code   RO         2352    i.RTC_ByteToBcd2    stm32f1xx_hal_rtc.o
    0x08004be2   0x08004be2   0x000000ae   Code   RO         2353    i.RTC_DateUpdate    stm32f1xx_hal_rtc.o
    0x08004c90   0x08004c90   0x00000034   Code   RO         2354    i.RTC_EnterInitMode  stm32f1xx_hal_rtc.o
    0x08004cc4   0x08004cc4   0x00000036   Code   RO         2355    i.RTC_ExitInitMode  stm32f1xx_hal_rtc.o
    0x08004cfa   0x08004cfa   0x0000000e   Code   RO         2356    i.RTC_ReadAlarmCounter  stm32f1xx_hal_rtc.o
    0x08004d08   0x08004d08   0x00000020   Code   RO         2357    i.RTC_ReadTimeCounter  stm32f1xx_hal_rtc.o
    0x08004d28   0x08004d28   0x00000056   Code   RO         2358    i.RTC_WeekDayNum    stm32f1xx_hal_rtc.o
    0x08004d7e   0x08004d7e   0x00000028   Code   RO         2359    i.RTC_WriteAlarmCounter  stm32f1xx_hal_rtc.o
    0x08004da6   0x08004da6   0x00000028   Code   RO         2360    i.RTC_WriteTimeCounter  stm32f1xx_hal_rtc.o
    0x08004dce   0x08004dce   0x00000002   PAD
    0x08004dd0   0x08004dd0   0x00000492   Code   RO          434    i.SCADA             main.o
    0x08005262   0x08005262   0x00000002   Code   RO          959    i.SVC_Handler       stm32f1xx_it.o
    0x08005264   0x08005264   0x00000004   Code   RO          960    i.SysTick_Handler   stm32f1xx_it.o
    0x08005268   0x08005268   0x00000070   Code   RO          435    i.SystemClock_Config  main.o
    0x080052d8   0x080052d8   0x00000048   Code   RO         4876    i.SystemInit        system_stm32f1xx.o
    0x08005320   0x08005320   0x0000006c   Code   RO         2701    i.TIM_Base_SetConfig  stm32f1xx_hal_tim.o
    0x0800538c   0x0800538c   0x0000001a   Code   RO         2702    i.TIM_CCxChannelCmd  stm32f1xx_hal_tim.o
    0x080053a6   0x080053a6   0x00000014   Code   RO         2712    i.TIM_ETR_SetConfig  stm32f1xx_hal_tim.o
    0x080053ba   0x080053ba   0x00000010   Code   RO         2713    i.TIM_ITRx_SetConfig  stm32f1xx_hal_tim.o
    0x080053ca   0x080053ca   0x00000002   PAD
    0x080053cc   0x080053cc   0x00000050   Code   RO         2714    i.TIM_OC1_SetConfig  stm32f1xx_hal_tim.o
    0x0800541c   0x0800541c   0x00000058   Code   RO         2715    i.TIM_OC2_SetConfig  stm32f1xx_hal_tim.o
    0x08005474   0x08005474   0x00000058   Code   RO         2716    i.TIM_OC3_SetConfig  stm32f1xx_hal_tim.o
    0x080054cc   0x080054cc   0x00000044   Code   RO         2717    i.TIM_OC4_SetConfig  stm32f1xx_hal_tim.o
    0x08005510   0x08005510   0x00000022   Code   RO         2719    i.TIM_TI1_ConfigInputStage  stm32f1xx_hal_tim.o
    0x08005532   0x08005532   0x00000024   Code   RO         2721    i.TIM_TI2_ConfigInputStage  stm32f1xx_hal_tim.o
    0x08005556   0x08005556   0x00000010   Code   RO         3617    i.UART_DMAAbortOnError  stm32f1xx_hal_uart.o
    0x08005566   0x08005566   0x0000001c   Code   RO         3627    i.UART_EndRxTransfer  stm32f1xx_hal_uart.o
    0x08005582   0x08005582   0x0000008c   Code   RO         3629    i.UART_Receive_IT   stm32f1xx_hal_uart.o
    0x0800560e   0x0800560e   0x00000002   PAD
    0x08005610   0x08005610   0x000000b8   Code   RO         3630    i.UART_SetConfig    stm32f1xx_hal_uart.o
    0x080056c8   0x080056c8   0x0000000c   Code   RO          961    i.USART1_IRQHandler  stm32f1xx_it.o
    0x080056d4   0x080056d4   0x00000046   Code   RO         5176    i.USBD_CDC_DataIn   usbd_cdc.o
    0x0800571a   0x0800571a   0x0000002e   Code   RO         5177    i.USBD_CDC_DataOut  usbd_cdc.o
    0x08005748   0x08005748   0x00000044   Code   RO         5178    i.USBD_CDC_DeInit   usbd_cdc.o
    0x0800578c   0x0800578c   0x00000024   Code   RO         5179    i.USBD_CDC_EP0_RxReady  usbd_cdc.o
    0x080057b0   0x080057b0   0x0000000c   Code   RO         5180    i.USBD_CDC_GetDeviceQualifierDescriptor  usbd_cdc.o
    0x080057bc   0x080057bc   0x0000000c   Code   RO         5181    i.USBD_CDC_GetFSCfgDesc  usbd_cdc.o
    0x080057c8   0x080057c8   0x0000000c   Code   RO         5182    i.USBD_CDC_GetHSCfgDesc  usbd_cdc.o
    0x080057d4   0x080057d4   0x0000000c   Code   RO         5183    i.USBD_CDC_GetOtherSpeedCfgDesc  usbd_cdc.o
    0x080057e0   0x080057e0   0x00000094   Code   RO         5184    i.USBD_CDC_Init     usbd_cdc.o
    0x08005874   0x08005874   0x00000028   Code   RO         5185    i.USBD_CDC_ReceivePacket  usbd_cdc.o
    0x0800589c   0x0800589c   0x00000010   Code   RO         5186    i.USBD_CDC_RegisterInterface  usbd_cdc.o
    0x080058ac   0x080058ac   0x0000000c   Code   RO         5187    i.USBD_CDC_SetRxBuffer  usbd_cdc.o
    0x080058b8   0x080058b8   0x00000010   Code   RO         5188    i.USBD_CDC_SetTxBuffer  usbd_cdc.o
    0x080058c8   0x080058c8   0x000000ac   Code   RO         5189    i.USBD_CDC_Setup    usbd_cdc.o
    0x08005974   0x08005974   0x00000036   Code   RO         5190    i.USBD_CDC_TransmitPacket  usbd_cdc.o
    0x080059aa   0x080059aa   0x0000000e   Code   RO         4913    i.USBD_ClrClassConfig  usbd_core.o
    0x080059b8   0x080059b8   0x00000010   Code   RO         5116    i.USBD_CtlContinueRx  usbd_ioreq.o
    0x080059c8   0x080059c8   0x00000010   Code   RO         5117    i.USBD_CtlContinueSendData  usbd_ioreq.o
    0x080059d8   0x080059d8   0x00000016   Code   RO         5051    i.USBD_CtlError     usbd_ctlreq.o
    0x080059ee   0x080059ee   0x0000001e   Code   RO         5118    i.USBD_CtlPrepareRx  usbd_ioreq.o
    0x08005a0c   0x08005a0c   0x00000016   Code   RO         5119    i.USBD_CtlReceiveStatus  usbd_ioreq.o
    0x08005a22   0x08005a22   0x0000001a   Code   RO         5120    i.USBD_CtlSendData  usbd_ioreq.o
    0x08005a3c   0x08005a3c   0x00000016   Code   RO         5121    i.USBD_CtlSendStatus  usbd_ioreq.o
    0x08005a52   0x08005a52   0x00000002   PAD
    0x08005a54   0x08005a54   0x00000020   Code   RO          811    i.USBD_FS_ConfigStrDescriptor  usbd_desc.o
    0x08005a74   0x08005a74   0x0000000c   Code   RO          812    i.USBD_FS_DeviceDescriptor  usbd_desc.o
    0x08005a80   0x08005a80   0x00000024   Code   RO          813    i.USBD_FS_InterfaceStrDescriptor  usbd_desc.o
    0x08005aa4   0x08005aa4   0x0000000c   Code   RO          814    i.USBD_FS_LangIDStrDescriptor  usbd_desc.o
    0x08005ab0   0x08005ab0   0x00000028   Code   RO          815    i.USBD_FS_ManufacturerStrDescriptor  usbd_desc.o
    0x08005ad8   0x08005ad8   0x0000002c   Code   RO          816    i.USBD_FS_ProductStrDescriptor  usbd_desc.o
    0x08005b04   0x08005b04   0x00000038   Code   RO          817    i.USBD_FS_SerialStrDescriptor  usbd_desc.o
    0x08005b3c   0x08005b3c   0x000000e8   Code   RO         5052    i.USBD_GetDescriptor  usbd_ctlreq.o
    0x08005c24   0x08005c24   0x00000048   Code   RO         5053    i.USBD_GetString    usbd_ctlreq.o
    0x08005c6c   0x08005c6c   0x00000018   Code   RO          612    i.USBD_Get_USB_Status  usbd_conf.o
    0x08005c84   0x08005c84   0x0000002a   Code   RO         4915    i.USBD_Init         usbd_core.o
    0x08005cae   0x08005cae   0x00000012   Code   RO          613    i.USBD_LL_ClearStallEP  usbd_conf.o
    0x08005cc0   0x08005cc0   0x00000012   Code   RO          614    i.USBD_LL_CloseEP   usbd_conf.o
    0x08005cd2   0x08005cd2   0x000000c6   Code   RO         4916    i.USBD_LL_DataInStage  usbd_core.o
    0x08005d98   0x08005d98   0x00000082   Code   RO         4917    i.USBD_LL_DataOutStage  usbd_core.o
    0x08005e1a   0x08005e1a   0x00000008   Code   RO          618    i.USBD_LL_GetRxDataSize  usbd_conf.o
    0x08005e22   0x08005e22   0x00000002   PAD
    0x08005e24   0x08005e24   0x00000080   Code   RO          619    i.USBD_LL_Init      usbd_conf.o
    0x08005ea4   0x08005ea4   0x00000020   Code   RO          620    i.USBD_LL_IsStallEP  usbd_conf.o
    0x08005ec4   0x08005ec4   0x00000018   Code   RO          621    i.USBD_LL_OpenEP    usbd_conf.o
    0x08005edc   0x08005edc   0x00000012   Code   RO          622    i.USBD_LL_PrepareReceive  usbd_conf.o
    0x08005eee   0x08005eee   0x00000050   Code   RO         4922    i.USBD_LL_Reset     usbd_core.o
    0x08005f3e   0x08005f3e   0x00000014   Code   RO         4923    i.USBD_LL_Resume    usbd_core.o
    0x08005f52   0x08005f52   0x00000018   Code   RO         4924    i.USBD_LL_SOF       usbd_core.o
    0x08005f6a   0x08005f6a   0x00000006   Code   RO         4925    i.USBD_LL_SetSpeed  usbd_core.o
    0x08005f70   0x08005f70   0x00000012   Code   RO          623    i.USBD_LL_SetUSBAddress  usbd_conf.o
    0x08005f82   0x08005f82   0x0000005a   Code   RO         4926    i.USBD_LL_SetupStage  usbd_core.o
    0x08005fdc   0x08005fdc   0x00000012   Code   RO          624    i.USBD_LL_StallEP   usbd_conf.o
    0x08005fee   0x08005fee   0x00000012   Code   RO          625    i.USBD_LL_Start     usbd_conf.o
    0x08006000   0x08006000   0x00000012   Code   RO         4927    i.USBD_LL_Suspend   usbd_core.o
    0x08006012   0x08006012   0x00000012   Code   RO          627    i.USBD_LL_Transmit  usbd_conf.o
    0x08006024   0x08006024   0x00000028   Code   RO         5054    i.USBD_ParseSetupRequest  usbd_ctlreq.o
    0x0800604c   0x0800604c   0x00000010   Code   RO         4928    i.USBD_RegisterClass  usbd_core.o
    0x0800605c   0x0800605c   0x00000016   Code   RO         4930    i.USBD_SetClassConfig  usbd_core.o
    0x08006072   0x08006072   0x00000002   PAD
    0x08006074   0x08006074   0x00000084   Code   RO         5055    i.USBD_SetConfig    usbd_ctlreq.o
    0x080060f8   0x080060f8   0x0000000a   Code   RO         4931    i.USBD_Start        usbd_core.o
    0x08006102   0x08006102   0x00000112   Code   RO         5056    i.USBD_StdDevReq    usbd_ctlreq.o
    0x08006214   0x08006214   0x00000150   Code   RO         5057    i.USBD_StdEPReq     usbd_ctlreq.o
    0x08006364   0x08006364   0x0000004e   Code   RO         5058    i.USBD_StdItfReq    usbd_ctlreq.o
    0x080063b2   0x080063b2   0x00000002   Code   RO          628    i.USBD_static_free  usbd_conf.o
    0x080063b4   0x080063b4   0x00000008   Code   RO          629    i.USBD_static_malloc  usbd_conf.o
    0x080063bc   0x080063bc   0x00000258   Code   RO         1451    i.USB_ActivateEndpoint  stm32f1xx_ll_usb.o
    0x08006614   0x08006614   0x00000004   Code   RO         1454    i.USB_CoreInit      stm32f1xx_ll_usb.o
    0x08006618   0x08006618   0x0000010e   Code   RO         1456    i.USB_DeactivateEndpoint  stm32f1xx_ll_usb.o
    0x08006726   0x08006726   0x00000004   Code   RO         1457    i.USB_DevConnect    stm32f1xx_ll_usb.o
    0x0800672a   0x0800672a   0x00000004   Code   RO         1458    i.USB_DevDisconnect  stm32f1xx_ll_usb.o
    0x0800672e   0x0800672e   0x00000012   Code   RO         1459    i.USB_DevInit       stm32f1xx_ll_usb.o
    0x08006740   0x08006740   0x0000000e   Code   RO         1460    i.USB_DisableGlobalInt  stm32f1xx_ll_usb.o
    0x0800674e   0x0800674e   0x00000004   Code   RO         1461    i.USB_EP0_OutStart  stm32f1xx_ll_usb.o
    0x08006752   0x08006752   0x00000078   Code   RO         1462    i.USB_EPClearStall  stm32f1xx_ll_usb.o
    0x080067ca   0x080067ca   0x00000032   Code   RO         1463    i.USB_EPSetStall    stm32f1xx_ll_usb.o
    0x080067fc   0x080067fc   0x000004ce   Code   RO         1464    i.USB_EPStartXfer   stm32f1xx_ll_usb.o
    0x08006cca   0x08006cca   0x00000012   Code   RO         1465    i.USB_EnableGlobalInt  stm32f1xx_ll_usb.o
    0x08006cdc   0x08006cdc   0x0000000c   Code   RO          962    i.USB_LP_CAN1_RX0_IRQHandler  stm32f1xx_it.o
    0x08006ce8   0x08006ce8   0x00000006   Code   RO         1472    i.USB_ReadInterrupts  stm32f1xx_ll_usb.o
    0x08006cee   0x08006cee   0x00000002   PAD
    0x08006cf0   0x08006cf0   0x0000002c   Code   RO         1473    i.USB_ReadPMA       stm32f1xx_ll_usb.o
    0x08006d1c   0x08006d1c   0x00000004   Code   RO         1474    i.USB_SetCurrentMode  stm32f1xx_ll_usb.o
    0x08006d20   0x08006d20   0x0000000c   Code   RO         1475    i.USB_SetDevAddress  stm32f1xx_ll_usb.o
    0x08006d2c   0x08006d2c   0x00000026   Code   RO         1477    i.USB_WritePMA      stm32f1xx_ll_usb.o
    0x08006d52   0x08006d52   0x00000002   Code   RO          963    i.UsageFault_Handler  stm32f1xx_it.o
    0x08006d54   0x08006d54   0x00000028   Code   RO         5599    i.__0sprintf        mc_w.l(printfa.o)
    0x08006d7c   0x08006d7c   0x00000028   Code   RO         5684    i.__ARM_fpclassify  m_ws.l(fpclassify.o)
    0x08006da4   0x08006da4   0x00000020   Code   RO         4388    i.__NVIC_SetPriority  stm32f1xx_hal_cortex.o
    0x08006dc4   0x08006dc4   0x00000008   Code   RO         5731    i.__aeabi_errno_addr  mc_w.l(errno.o)
    0x08006dcc   0x08006dcc   0x00000388   Code   RO         5689    i.__ieee754_rem_pio2  m_ws.l(rred.o)
    0x08007154   0x08007154   0x000000fc   Code   RO         5667    i.__kernel_cos      m_ws.l(cos_i.o)
    0x08007250   0x08007250   0x000000aa   Code   RO         5686    i.__kernel_poly     m_ws.l(poly.o)
    0x080072fa   0x080072fa   0x00000002   PAD
    0x080072fc   0x080072fc   0x000000ec   Code   RO         5694    i.__kernel_sin      m_ws.l(sin_i.o)
    0x080073e8   0x080073e8   0x0000027c   Code   RO         5700    i.__kernel_tan      m_ws.l(tan_i.o)
    0x08007664   0x08007664   0x00000006   Code   RO         5671    i.__mathlib_dbl_infnan  m_ws.l(dunder.o)
    0x0800766a   0x0800766a   0x00000004   Code   RO         5672    i.__mathlib_dbl_infnan2  m_ws.l(dunder.o)
    0x0800766e   0x0800766e   0x0000000c   Code   RO         5673    i.__mathlib_dbl_invalid  m_ws.l(dunder.o)
    0x0800767a   0x0800767a   0x00000002   PAD
    0x0800767c   0x0800767c   0x00000010   Code   RO         5676    i.__mathlib_dbl_underflow  m_ws.l(dunder.o)
    0x0800768c   0x0800768c   0x0000000c   Code   RO         5732    i.__read_errno      mc_w.l(errno.o)
    0x08007698   0x08007698   0x0000000e   Code   RO         5804    i.__scatterload_copy  mc_w.l(handlers.o)
    0x080076a6   0x080076a6   0x00000002   Code   RO         5805    i.__scatterload_null  mc_w.l(handlers.o)
    0x080076a8   0x080076a8   0x0000000e   Code   RO         5806    i.__scatterload_zeroinit  mc_w.l(handlers.o)
    0x080076b6   0x080076b6   0x00000002   PAD
    0x080076b8   0x080076b8   0x0000000c   Code   RO         5733    i.__set_errno       mc_w.l(errno.o)
    0x080076c4   0x080076c4   0x00000184   Code   RO         5604    i._fp_digits        mc_w.l(printfa.o)
    0x08007848   0x08007848   0x0000000e   Code   RO         5788    i._is_digit         mc_w.l(scanf_fp.o)
    0x08007856   0x08007856   0x00000002   PAD
    0x08007858   0x08007858   0x000006dc   Code   RO         5605    i._printf_core      mc_w.l(printfa.o)
    0x08007f34   0x08007f34   0x00000024   Code   RO         5606    i._printf_post_padding  mc_w.l(printfa.o)
    0x08007f58   0x08007f58   0x0000002e   Code   RO         5607    i._printf_pre_padding  mc_w.l(printfa.o)
    0x08007f86   0x08007f86   0x0000000a   Code   RO         5609    i._sputc            mc_w.l(printfa.o)
    0x08007f90   0x08007f90   0x0000027c   Code   RO         5280    i.acos              m_ws.l(acos.o)
    0x0800820c   0x0800820c   0x00000220   Code   RO         5290    i.atan              m_ws.l(atan.o)
    0x0800842c   0x0800842c   0x00000180   Code   RO         5300    i.atan2             m_ws.l(atan2.o)
    0x080085ac   0x080085ac   0x0000002a   Code   RO         5308    i.atof              m_ws.l(atof.o)
    0x080085d6   0x080085d6   0x00000028   Code   RO          436    i.cat_chuoi         main.o
    0x080085fe   0x080085fe   0x00000002   PAD
    0x08008600   0x08008600   0x0000009c   Code   RO         5312    i.cos               m_ws.l(cos.o)
    0x0800869c   0x0800869c   0x000000e4   Code   RO          437    i.dk_sac            main.o
    0x08008780   0x08008780   0x00000328   Code   RO          438    i.dk_xl             main.o
    0x08008aa8   0x08008aa8   0x00000308   Code   RO          439    i.do_dong_ap        main.o
    0x08008db0   0x08008db0   0x00000310   Code   RO          440    i.do_tinh_hien_thi  main.o
    0x080090c0   0x080090c0   0x0000010e   Code   RO          259    i.getAngle          kalman.o
    0x080091ce   0x080091ce   0x00000002   PAD
    0x080091d0   0x080091d0   0x0000030c   Code   RO          209    i.goc_pin           goc_pin.o
    0x080094dc   0x080094dc   0x000000c4   Code   RO          328    i.init_kalman_mpu6050  mpu6050_kalman.o
    0x080095a0   0x080095a0   0x000002bc   Code   RO          329    i.kalman_mpu6050    mpu6050_kalman.o
    0x0800985c   0x0800985c   0x00000164   Code   RO          441    i.main              main.o
    0x080099c0   0x080099c0   0x00000004   Code   RO          264    i.setAngle          kalman.o
    0x080099c4   0x080099c4   0x000000a0   Code   RO         5320    i.sin               m_ws.l(sin.o)
    0x08009a64   0x08009a64   0x00000048   Code   RO          210    i.so_ngay           goc_pin.o
    0x08009aac   0x08009aac   0x0000004c   Code   RO         5328    i.sqrt              m_ws.l(sqrt.o)
    0x08009af8   0x08009af8   0x00000064   Code   RO         5336    i.tan               m_ws.l(tan.o)
    0x08009b5c   0x08009b5c   0x00000010   Data   RO         4877    .constdata          system_stm32f1xx.o
    0x08009b6c   0x08009b6c   0x00000008   Data   RO         4878    .constdata          system_stm32f1xx.o
    0x08009b74   0x08009b74   0x00000004   PAD
    0x08009b78   0x08009b78   0x00000050   Data   RO         5281    .constdata          m_ws.l(acos.o)
    0x08009bc8   0x08009bc8   0x00000098   Data   RO         5291    .constdata          m_ws.l(atan.o)
    0x08009c60   0x08009c60   0x00000030   Data   RO         5668    .constdata          m_ws.l(cos_i.o)
    0x08009c90   0x08009c90   0x00000008   Data   RO         5688    .constdata          m_ws.l(qnan.o)
    0x08009c98   0x08009c98   0x000000c8   Data   RO         5691    .constdata          m_ws.l(rred.o)
    0x08009d60   0x08009d60   0x00000028   Data   RO         5695    .constdata          m_ws.l(sin_i.o)
    0x08009d88   0x08009d88   0x00000060   Data   RO         5701    .constdata          m_ws.l(tan_i.o)
    0x08009de8   0x08009de8   0x00000081   Data   RO         5759    .constdata          mc_w.l(ctype_o.o)
    0x08009e69   0x08009e69   0x00000003   PAD
    0x08009e6c   0x08009e6c   0x00000004   Data   RO         5760    .constdata          mc_w.l(ctype_o.o)
    0x08009e70   0x08009e70   0x00000007   Data   RO          445    .conststring        main.o
    0x08009e77   0x08009e77   0x00000001   PAD
    0x08009e78   0x08009e78   0x00000020   Data   RO         5802    Region$$Table       anon$$obj.o


    Execution Region RW_IRAM1 (Exec base: 0x20000000, Load base: 0x08009e98, Size: 0x00002508, Max: 0x00005000, ABSOLUTE, COMPRESSED[0x0000013c])

    Exec Addr    Load Addr    Size         Type   Attr      Idx    E Section Name        Object

    0x20000000   COMPRESSED   0x0000000c   Data   RW          211    .data               goc_pin.o
    0x2000000c   COMPRESSED   0x00000004   Data   RW          212    .data               goc_pin.o
    0x20000010   COMPRESSED   0x000000b8   Data   RW          331    .data               mpu6050_kalman.o
    0x200000c8   COMPRESSED   0x0000003c   Data   RW          387    .data               mppt.o
    0x20000104   COMPRESSED   0x00000090   Data   RW          446    .data               main.o
    0x20000194   COMPRESSED   0x0000001c   Data   RW          819    .data               usbd_desc.o
    0x200001b0   COMPRESSED   0x00000032   Data   RW          820    .data               usbd_desc.o
    0x200001e2   COMPRESSED   0x00000002   PAD
    0x200001e4   COMPRESSED   0x00000008   Data   RW          903    .data               usbd_cdc_if.o
    0x200001ec   COMPRESSED   0x00000010   Data   RW          904    .data               usbd_cdc_if.o
    0x200001fc   COMPRESSED   0x0000000c   Data   RW         3925    .data               stm32f1xx_hal.o
    0x20000208   COMPRESSED   0x00000004   Data   RW         4879    .data               system_stm32f1xx.o
    0x2000020c   COMPRESSED   0x00000001   Data   RW         5059    .data               usbd_ctlreq.o
    0x2000020d   COMPRESSED   0x00000003   PAD
    0x20000210   COMPRESSED   0x000000d7   Data   RW         5191    .data               usbd_cdc.o
    0x200002e7   COMPRESSED   0x00000001   PAD
    0x200002e8   COMPRESSED   0x00000038   Data   RW         5192    .data               usbd_cdc.o
    0x20000320   COMPRESSED   0x00000004   Data   RW         5357    .data               mc_w.l(strtok.o)
    0x20000324   COMPRESSED   0x00000004   Data   RW         5734    .data               mc_w.l(errno.o)
    0x20000328        -       0x00000054   Zero   RW          330    .bss                mpu6050_kalman.o
    0x2000037c        -       0x00000268   Zero   RW          442    .bss                main.o
    0x200005e4        -       0x00000044   Zero   RW          443    .bss                main.o
    0x20000628        -       0x00000044   Zero   RW          444    .bss                main.o
    0x2000066c        -       0x000002c4   Zero   RW          568    .bss                usb_device.o
    0x20000930        -       0x0000050c   Zero   RW          630    .bss                usbd_conf.o
    0x20000e3c        -       0x00000200   Zero   RW          818    .bss                usbd_desc.o
    0x2000103c        -       0x00001064   Zero   RW          901    .bss                usbd_cdc_if.o
    0x200020a0        -       0x00000064   Zero   RW          902    .bss                usbd_cdc_if.o
    0x20002104   COMPRESSED   0x00000004   PAD
    0x20002108        -       0x00000400   Zero   RW            1    STACK               startup_stm32f103xb.o


==============================================================================

Image component sizes


      Code (inc. data)   RO Data    RW Data    ZI Data      Debug   Object Name

       852        166          0         16          0       1720   goc_pin.o
       274          0          0          0          0       1898   kalman.o
       336         22          0          0          0     472283   lcd16x2.o
      5116        632          7        144        752      20101   main.o
       272          8          0         60          0       1885   mppt.o
      1212         90          0        184         84       4222   mpu6050_kalman.o
        36          8        236          0       1024        808   startup_stm32f103xb.o
       164         28          0         12          0       5925   stm32f1xx_hal.o
      1112         54          0          0          0       8558   stm32f1xx_hal_adc.o
       198         14          0          0          0      28959   stm32f1xx_hal_cortex.o
       738         36          0          0          0       4342   stm32f1xx_hal_dma.o
       490         34          0          0          0       2904   stm32f1xx_hal_gpio.o
      2262         56          0          0          0      12794   stm32f1xx_hal_i2c.o
       648         98          0          0          0       4863   stm32f1xx_hal_msp.o
      2684          0          0          0          0      13245   stm32f1xx_hal_pcd.o
        60          0          0          0          0       1182   stm32f1xx_hal_pcd_ex.o
        12          4          0          0          0        519   stm32f1xx_hal_pwr.o
      1272        100          0          0          0       5212   stm32f1xx_hal_rcc.o
       436         46          0          0          0       2541   stm32f1xx_hal_rcc_ex.o
      1412         14          0          0          0      12772   stm32f1xx_hal_rtc.o
        32         10          0          0          0       1647   stm32f1xx_hal_rtc_ex.o
      1314         46          0          0          0      12236   stm32f1xx_hal_tim.o
       188         12          0          0          0       2124   stm32f1xx_hal_tim_ex.o
       960         10          0          0          0       7172   stm32f1xx_hal_uart.o
        68         24          0          0          0       5593   stm32f1xx_it.o
      2440          0          0          0          0      16083   stm32f1xx_ll_usb.o
        72         16         24          4          0       1171   system_stm32f1xx.o
        84         18          0          0        708        768   usb_device.o
       726         16          0        271          0      13110   usbd_cdc.o
       188         32          0         24       4296       3650   usbd_cdc_if.o
       556         30          0          0       1292      13545   usbd_conf.o
       670          0          0          0          0       9519   usbd_core.o
      1186         28          0          1          0       7952   usbd_ctlreq.o
       288        104          0         78        512       5697   usbd_desc.o
       132          0          0          0          0       4352   usbd_ioreq.o

    ----------------------------------------------------------------------
     28546       1756        304        800       8672     711352   Object Totals
         0          0         32          0          0          0   (incl. Generated)
        56          0          5          6          4          0   (incl. Padding)

    ----------------------------------------------------------------------

      Code (inc. data)   RO Data    RW Data    ZI Data      Debug   Library Member Name

       636         62         80          0          0        188   acos.o
       544         70        152          0          0        124   atan.o
       384         38          0          0          0        144   atan2.o
        42          0          0          0          0         84   atof.o
       156          8          0          0          0        104   cos.o
       252         22         48          0          0        124   cos_i.o
        38          6          0          0          0        272   dunder.o
        40          0          0          0          0         68   fpclassify.o
       170          0          0          0          0         96   poly.o
         0          0          8          0          0          0   qnan.o
       904         76        200          0          0        140   rred.o
       160         10          0          0          0        108   sin.o
       236         12         40          0          0        128   sin_i.o
        76          0          0          0          0         84   sqrt.o
       100         10          0          0          0         96   tan.o
       636         50         96          0          0        168   tan_i.o
        86          0          0          0          0          0   __dczerorl2.o
        28          0          0          0          0         68   _chval.o
        64          0          0          0          0         84   _sgetc.o
       158          0          0          0          0         92   _strtoul.o
        26          0          0          0          0         80   atoi.o
         8          4        133          0          0         68   ctype_o.o
         0          0          0          0          0          0   entry.o
         0          0          0          0          0          0   entry10a.o
         0          0          0          0          0          0   entry11a.o
         8          4          0          0          0          0   entry2.o
         4          0          0          0          0          0   entry5.o
         0          0          0          0          0          0   entry7b.o
         0          0          0          0          0          0   entry8b.o
         8          4          0          0          0          0   entry9a.o
        32         16          0          4          0        204   errno.o
        30          0          0          0          0          0   handlers.o
        36          8          0          0          0         68   init.o
        18          0          0          0          0         76   isspace_o.o
         0          0          0          0          0          0   iusefp.o
        30          0          0          0          0         68   llshl.o
        36          0          0          0          0         68   llsshr.o
        32          0          0          0          0         68   llushr.o
        36          0          0          0          0         68   memcpya.o
        36          0          0          0          0        108   memseta.o
      2276         86          0          0          0        520   printfa.o
       878         12          0          0          0        216   scanf_fp.o
        28          0          0          0          0         76   strcmp.o
        14          0          0          0          0         68   strlen.o
       156         12          0          0          0        120   strtod.o
        68          6          0          4          0         80   strtok.o
       112          0          0          0          0         88   strtol.o
        44          0          0          0          0         80   uidiv.o
        98          0          0          0          0         92   uldiv.o
        48          0          0          0          0         68   cdcmple.o
        48          0          0          0          0         68   cdrcmple.o
        20          0          0          0          0         68   cfcmple.o
        20          0          0          0          0         68   cfrcmple.o
        56          0          0          0          0         88   d2f.o
       334          0          0          0          0        148   dadd.o
       222          0          0          0          0        100   ddiv.o
       186          0          0          0          0        176   depilogue.o
        62          0          0          0          0         80   dfixi.o
        48          0          0          0          0         68   dfixul.o
        34          0          0          0          0         76   dflti.o
        26          0          0          0          0         76   dfltui.o
        24          0          0          0          0         76   dfltul.o
       228          0          0          0          0         96   dmul.o
        46          0          0          0          0         80   dscalb.o
       162          0          0          0          0        100   dsqrt.o
        38          0          0          0          0         68   f2d.o
       176          0          0          0          0        140   fadd.o
       124          0          0          0          0         88   fdiv.o
       110          0          0          0          0        168   fepilogue.o
        50          0          0          0          0         68   ffixi.o
        40          0          0          0          0         68   ffixui.o
        18          0          0          0          0         68   fflti.o
        10          0          0          0          0         68   ffltui.o
       100          0          0          0          0         76   fmul.o
        24          0          0          0          0         68   fscalb.o

    ----------------------------------------------------------------------
     10990        516        760          8          0       6704   Library Totals
        12          0          3          0          0          0   (incl. Padding)

    ----------------------------------------------------------------------

      Code (inc. data)   RO Data    RW Data    ZI Data      Debug   Library Name

      4374        364        624          0          0       1928   m_ws.l
      4350        152        133          8          0       2460   mc_w.l
      2254          0          0          0          0       2316   mf_w.l

    ----------------------------------------------------------------------
     10990        516        760          8          0       6704   Library Totals

    ----------------------------------------------------------------------

==============================================================================


      Code (inc. data)   RO Data    RW Data    ZI Data      Debug   

     39536       2272       1064        808       8672     701284   Grand Totals
     39536       2272       1064        316       8672     701284   ELF Image Totals (compressed)
     39536       2272       1064        316          0          0   ROM Totals

==============================================================================

    Total RO  Size (Code + RO Data)                40600 (  39.65kB)
    Total RW  Size (RW Data + ZI Data)              9480 (   9.26kB)
    Total ROM Size (Code + RO Data + RW Data)      40916 (  39.96kB)

==============================================================================

